node 1215606896092486801 14793247696034808000 minopen 0 [(243, 3)] 30s
node 2449158478482013201 14343604908921288000 minopen 2 [(128, 2), (243, 3)] 32s
node 19543256035019614801 23246532093768984000 minopen 0 [(243, 3)] 34s
node 872029562653947601 1122015605983272000 minopen 2 [(128, 2)] 18s
node 2776448156878494001 2868720981784257600 minopen 2 [(128, 2), (243, 3)] 21s
node 746091921694417201 1663678312320024000 minopen 1 [(29, 28)] 18s
node 290979542407251601 1122015605983272000 minopen 1 [(243, 3)] 19s
node 751530392933418001 2979144884852136000 minopen 2 [(128, 2)] 21s
node 472278674470100401 1303964082629208000 minopen 1 [(53, 52)] 18s
node 1128507742388124001 1663678312320024000 minopen 2 [(128, 2), (29, 28)] 17s
node 514297806656331601 1303964082629208000 minopen 1 [(128, 2), (37, 36)] 19s
node 844618444184012401 9127748578404456000 minopen 1 [(37, 36)] 26s
node 472776146351006401 2868720981784257600 minopen 0 [(243, 3)] 22s
node 7332474388490949601 9127748578404456000 minopen 2 [(128, 2)] 28s
node 3404641316212634401 9127748578404456000 minopen 1 [(243, 3)] 27s
node 688444368077163601 1303964082629208000 minopen 1 [(128, 2)] 16s
node 13517833551518394001 14793247696034808000 minopen 1 [(128, 2), (243, 3)] 30s
node 960478254280843201 1663678312320024000 minopen 1 [(128, 2)] 18s
node 2568793716601610401 9127748578404456000 minopen 2 [(128, 2), (243, 3)] 27s
node 5964106321271196001 12342171665815992000 minopen 2 [(128, 2), (243, 3)] 34s
