== (a) witness search over all primes 3 <= p < 100000 ==
all primes solvable; every reconstructed solution verified exactly
worst minimal q: p=87481, q=63

primes in the six hard classes mod 840: 273
minimal-q histogram (hard classes): {3: 87, 7: 55, 11: 80, 15: 13, 19: 14, 23: 17, 31: 5, 35: 1, 63: 1} ... max q = 63

p=1201 witness: q=23, d=108, x=306, solution (306, 21618, 61251)

== (c) Jacobi obstruction lemma consistency (hard-class primes) ==
failed (p,q) pairs: 453; Jacobi-obstructed: 421 (92.9%), coset-miss: 32
lemma re-verified directly on 310 obstructed pairs

== (d) coverage by guaranteed congruence families ==
primes uncovered by the finite family system: 3 of 9591 (0.03%)
their classes mod 840: {361: 1, 169: 1, 121: 1}
all uncovered classes inside six hard classes? True
(for scale: 273 primes < 100000 lie in the six classes; 270 of them got covered 'accidentally')
every uncovered prime nevertheless has a witness (checked in (a))

== (e) identity family exactness (symbolic) ==
F1: p = 4guv - u - v  =>  4/p = 1/(guv) + 1/(pgu) + 1/(pgv)   [exact]
mod 3: p = 3k-1  =>  4/p = 1/p + 1/k + 1/(kp)                 [exact]
mod 4: p = 4h-1  =>  4/p = 1/h + 1/(2hp) + 1/(2hp)            [exact]

== (f) Phase-1 necessary slices and distinct affine roots ==
necessary-slice witnesses checked: 568; centered equivalences: 1216
nonmultiplicativity mod 7: F(8)=F(15)=1 but F(120)=0
distinct local-root counts checked at 80 primes > W^2
large-sieve truncation sanity: H(Q)/Z=0.846 >= 1/2

== (g) Phase-2 signed products and Fourier reduction ==
Fourier inversion checks: 18; character averages exact
random signed-product moment checks: 3 groups
full-condition failure rates on the six hard classes:
  w= 3: B=0.681, A=0.663, joint=0.407 (273 primes)
  w= 7: B=0.718, A=0.619, joint=0.432 (273 primes)
  w=11: B=0.392, A=0.725, joint=0.256 (273 primes)
  w=15: B=0.707, A=0.597, joint=0.414 (273 primes)
  w=19: B=0.692, A=0.861, joint=0.582 (273 primes)
  w=23: B=0.370, A=0.652, joint=0.271 (273 primes)
  w=27: B=0.930, A=0.857, joint=0.799 (273 primes)
  w=31: B=0.509, A=0.670, joint=0.326 (273 primes)

== (h) Phase-6 rate certificate and hard thresholds (§13) ==
(C1) min_d R(d) = 0.0990 at d=5 (>= c1=0.015)
(C2) R_inf = 0.1692 >= gamma+2c1+tail = 0.1617
arc discrepancy: max_d d*|sigma_d - sigma_inf| = 3.93 <= 8
Chernoff ceiling of the route: gamma* = 0.207
Lemma 13.1 verified on 949 full-failure pairs (141 with tight thresholds)

== (i) Unconditioned moment lemmas (§13.4, Lemmas 13.3-13.6) ==
Lemma 13.3: max |A_chi(X)|/log(6w) over 4 moduli, all chi, 3 checkpoints = 0.303 (<= 2)
Lemma 13.4 ratio S1*h/(pi_(24,1)(N) log N), w=7: 0.046 -> 0.040 -> 0.037  (toy scale, informational)

== (j) Tilted subset-product moments (§13.4, Lemma 13.7) ==
exact conditional moments: E[T|k]=(2^k-1)/h and the E[T^2|k] bound verified by enumeration (3 cases)
w= 7: tilted PZ ratio 0.999@L=16 -> 1.0000@L=32; untilted collapses to 0.0004@L=32
w=31: tilted PZ ratio 0.992@L=16 -> 1.0000@L=32; untilted collapses to 0.0034@L=32

== (k) Window-tilted transfer H1''/H2'' (§13.5, Lemmas 13.9-13.11) ==
(k1) local-factor factorization spot-check (toy window, mod 7): defects 8.88e-16 (H1''), 2.44e-14 (H2''); principal == 1
(k2) N=1000000, window (20,5000], lam=0.950, e^-lam/2=0.622
  w= 3: EU*h=0.365 (model 0.378), EU2*h^2=0.365 (model bound 5.713), PZ=0.365, success=0.365
  w= 7: EU*h=0.385 (model 0.378), EU2*h^2=0.935 (model bound 15.139), PZ=0.158, success=0.177
  w=11: EU*h=0.420 (model 0.378), EU2*h^2=1.694 (model bound 24.564), PZ=0.104, success=0.117
(k3) exact Erdos-Straus solutions reconstructed from window witnesses (20 samples per modulus)

== (l) Integer-side signed stack (§14, Lemmas 14.1-14.3, Thm 14.4) ==
(l1) signed local-factor identities: defects 1.59e-14 (mu1), 1.11e-12 (mu2); principal factors == 1
(l1b) capped U: vanishes on all 7009 witness-free n; equals 3^-omega*T on 1325 witnessed n (caps inactive at toy scale)
(l2a) exclusivity at q=29: joint count 0 (model would give ~99), single count 2873
(l2) joint/product-of-marginals = 0.9992 (exclusion corrections are second-order; toy scale), delta_w = ['0.735', '0.858'], witness-free fraction 0.593
(l3) exact solutions from signed witnesses d = n*a/b via Thm 3.1(B) (25 samples, w=7)

== (m) Subset-only exact minima and signed reachability (§14.6) ==
(m1-subset-only) w=7: r=8: lam/logh=0.232, minQ=0.913, |supp|=49; r=12: lam/logh=0.281, minQ=0.888, |supp|=567; r=16: lam/logh=0.316, minQ=0.884, |supp|=5391
(m1-subset-only) w=11: r=8: lam/logh=0.152, minQ=0.996, |supp|=18; r=12: lam/logh=0.187, minQ=0.970, |supp|=927; r=16: lam/logh=0.213, minQ=0.967, |supp|=10357
(m1-subset-only) w=19: r=8: lam/logh=0.078, minQ=0.972, |supp|=27; r=12: lam/logh=0.099, minQ=0.971, |supp|=1437; r=16: lam/logh=0.117, minQ=0.971, |supp|=39723
(m1-subset-only) w=23: r=8: lam/logh=0.064, minQ=0.998, |supp|=15; r=12: lam/logh=0.083, minQ=0.998, |supp|=584; r=16: lam/logh=0.098, minQ=0.998, |supp|=16353
(m1-subset-only) w=31: r=8: lam/logh=0.048, minQ=0.983, |supp|=19; r=12: lam/logh=0.063, minQ=0.983, |supp|=957; r=16: lam/logh=0.075, minQ=0.983, |supp|=30441
(m2-subset) iid-Poisson w=7: P(miss) at lam/logh=1.193,1.443,1.693 is 0.565, 0.480, 0.404
(m2-signed) iid-Poisson w=7: P(miss) at lam/logh=0.660,0.910,1.160 is 0.730, 0.620, 0.519
(m2-subset) iid-Poisson w=11: P(miss) at lam/logh=1.193,1.443,1.693 is 0.556, 0.459, 0.371
(m2-signed) iid-Poisson w=11: P(miss) at lam/logh=0.660,0.910,1.160 is 0.726, 0.600, 0.482
(m2-subset) iid-Poisson w=19: P(miss) at lam/logh=1.193,1.443,1.693 is 0.556, 0.445, 0.345
(m2-signed) iid-Poisson w=19: P(miss) at lam/logh=0.660,0.910,1.160 is 0.727, 0.582, 0.446
(m) subset-only Mobius support and Q=min=P(miss) checked exactly; signed S*a^{-1} reachability checked; centered toy transitions are informational

== (n) auxiliary-prime declustering (§15) ==
PW class counts on ell ladder: {103: 4, 199: 7, 431: 17, 863: 24, 1699: 7, 3467: 7, 6899: 22, 13799: 67}
independently reconstructed ell=103 classes [99, 95, 87, 51] and ell=199 classes [195, 191, 183, 179, 159, 119, 99]; 55 exact closed-form identity checks
fast fixed-multiple replay (ell=103): one reduced candidate r=-4; no extra class from k<=20

== (o) generalized multiplier identity and class counts ==
generalized identity: 7684 exact checks (including even/composite n and composite ell)
INFORMATIONAL actual-object toy average over 1014 primes ell and all 288 reduced c=1 (mod 4) (H=4, omega<=3); k: (classes, phi(k)/k^2 scale, ratio) = {1: (2.824, 3.534, 0.799), 5: (0.394, 0.565, 0.698), 9: (0.203, 0.262, 0.776), 13: (0.204, 0.251, 0.813)} ; total = (3.626, 4.612, 0.786)
distinctness/CRT spot-check: 8/8 classes distinct across k=1,13; 8 subsequence reconstructions

== (p) pointwise-frontier companions (sec 17) ==
sec-17 companions: identities symbolic OK; 65 random Type-II tuples exact; 42 witness decompositions; 1464 parity checks all +1; Mahler means [1e-05, -0.00036, 0.0]; entropy toy exact; 409 + p=29 regressions OK; R(M) residue-1 escape verified M<=8000 (A<=2000); 5 Case-A moving-c families exact; 17.7 shape algebra + 4/9 example OK

== (q) full-harvest cubic supply and assembly budgets ==
Lemma 18.1 independent enumeration: {-u v^-1} = {-4D} verified, M = 3..399 and 231/999/1331 (intrinsic across k*ell splits)
exact union mass S(Q)/log^3 Q: {2000: 0.03585, 5000: 0.03469, 10000: 0.03399, 25000: 0.0332, 50000: 0.03269, 100000: 0.03225} ; informational fitted B=2.745
cross-k dedup at M=231: 3 decompositions, 9 union classes (not 27)
toy level balances (L, polylog-normalized, cubic-normalized): [(1000000, 0.794, 0.595), (1000000000, 0.794, 0.595), (1000000000000, 0.794, 0.595)]

== (r) computational-frontier replay ==
section-19 replay: original tables, extension record w*=71, and three exact F3 deficits

== (s) frontal-assault transfer algebra (§20) ==
sec-20 composition/correction algebra exact; fixed-slice atoms and 12/76 small transfer reachability replayed; non-coprime divisor-set equality, corrected-law parity, and (20.14) sync checked

== (t) intrinsic-system avoidance (§21) ==
R0 equivalence exhaustive through A=100; Jacobi -1 on 9472 classes (36390 square checks)
exact full-period avoider densities: {3: '2/3', 7: '8/21', 11: '64/231', 15: '256/1155', 19: '4096/21945', 23: '57344/504735', 27: '516096/4542615'}

== (u) low-degree transfer-map classification (§22) ==
sec-22 coefficient systems exact (degree 2 and univariate degree 3); new tensor maps and centered powers verified; exhaustive six-target inverse result = 3 reached, 3 blocked

== (v) flexible tensor reinterpretation (§23) ==
ES_FULL_SCAN=1 replays the P < 10^5 row and source statistics
flexible tensor validity exact; six targets 4|CK counts = {409: 4, 577: 2, 5569: 10, 9601: 4, 23929: 42, 83449: 4}
all six old blockers descend; ordered descending branch counts = {409: 272, 577: 48, 5569: 1536, 9601: 144, 23929: 33768, 83449: 80} ; all displayed branches exact
hard primes <= 10^4: 143 total, 132 flexible-invertible (129 via source 2), 11 blocked by no tuple with 4|CK

== (w) H_PF lower-bound routes (§24) ==
D=1 exact local/product densities: [(20, 0.49213, 0.492139), (40, 0.45555, 0.455557), (80, 0.41035, 0.410521)]
full prime mass (X, mass, mass/log^2 X): [(1000, 6.0005, 0.1258), (3000, 8.0087, 0.1249), (10000, 10.4908, 0.1237), (30000, 13.0815, 0.1231)]
subset-product check (X, events, actual, raw, filtered, raw/actual, filtered/actual, harmonic): [(80, 53, 3.358, 17.153, 9.695, 5.109, 2.887, 4.02), (160, 123, 4.792, 27.17, 14.256, 5.67, 2.975, 5.834)]
§21.5 fits (RMSE L^2logL, RMSE subset, correlation): 0.04631, 0.07683, 0.999722
truncated-fiber certificate: X=100, Y=5, shifts=9, density=0.002660 (CRT 0.002729)

== (x) sub-maximal transfer maps and extended census (§25) ==
ES_FULL_SCAN=1 replays the complete P <= 10^6 census
resister anatomy: all 116 ordered rows and displayed cells hard-coded; every row has a smaller ck-matched source
shifted h1 maps (cross coefficients ±1..±3): four targets fall {1153,2473,3361,5281}; seven resist this finite box
fixed additive M=g maps: all eleven old resisters fall; default pure-tensor census P <= 20000 leaves exactly the same eleven

== (y) Type-I transfer theory (§26) ==
Type-I exact tuple counts (11 resisters): {73: 8, 193: 8, 241: 10, 673: 26, 1129: 32, 1153: 30, 2473: 56, 2521: 12, 3169: 26, 3361: 26, 5281: 36}
corrected Type-I tensor reaches [2473, 3169, 5281] ; cross-type bridge reaches [673, 1153, 3361, 5281]
combined hard-prime reachability <= 10^4: 138/143; blocked = [73, 193, 241, 1129, 2521]

== (z) large-R conditioning and H_DC (§27) ==
Set ES_BIG_SAMPLE=1 to regenerate all 2.4 billion sample draws
conditioned X=27,Y=2: 14 atoms, 4 impossible, conditional void=147/320; (27.5) exact
Theorem 27.1 construction smoke test: 351 low events and 374 prime classes; primorial exclusions=526
§27 raw-data and table-arithmetic replay: X=6400 has 274/2.4e9 survivors, Wilson [1.01425e-7,1.28509e-7]
§27 fits (L^2logL, subset RMSE, correlation): 0.05667, 0.16856, 0.999651

== (aa) reconciled transfer census and tuple atoms (§28) ==
ES_FULL_SCAN=1 extends the exact k=1-less census through 10^6
five §26 blockers replayed under the §23 descending standard; this block recomputes empty combined blocked sets through 10^4 and below 10^5 (the million-prime row belongs to full block (x))
Type-II restricted-family census P<=3000: 940 rows, 34 atoms at 16 primes; all 34 have direct descending §30 X/Y predecessors and reduce to its seed; random beyond sample: 1952 rows, 58 atoms at 18 primes
k=1-less default census: [409, 577, 5569, 9601, 23929, 83449] ; decade rows (lower,total,missing) = [(10, 2, 0), (100, 12, 2), (1000, 129, 2), (10000, 1038, 2)]
image-condition counts on 1181 hard primes <10^5: {'fixed additive': 1181, 'k=1 additive': 1175, 'flexible tensor': 1170, 'fixed source 2': 1166, 'k=1 Phi++': 1165, 'bridge': 771, 'Type-I gate': 697, 'corrected Type-I': 681}

== (ab) transfer-law congruence supply (§29) ==
Case-B q<=3000: 218 primes, 7193 raw descriptions -> 5114 distinct; intrinsic overlap 5114/5114
Case-A hard-compatible CRT (X, mass, union/raw, mass/(L^2logL), mass/L^3): [(500, 0.092497, 0.9749, 0.001311, 0.000385), (1000, 0.159466, 0.9622, 0.001729, 0.000484), (2000, 0.238323, 0.941, 0.002034, 0.000543), (3000, 0.297112, 0.9295, 0.002228, 0.000579)]
Case-A counts at X=3000: 371 raw -> 336 distinct classes at 136 moduli; all exact reconstructions OK
(q,c,k)=(7,5,1): 13 mod 140 is intrinsic at 7; 113 has a projection absent at 7 (and no containing intrinsic progression), but already occurs in §4 and 673 is intrinsic at 15

== (ac) full Type-II generation orbit (§30) ==
common-g additive laws: 23199 admissible independent-reading branches; valid grid rows audited: 1408; bounded decorated nodes constructed: 756
complete finite value-fibre canonical reductions through 5000 (bound, hard primes, ordered tuples, local fixed-slice seeds, endpoints off global seed): [(500, 9, 102, 41, 0), (1000, 14, 182, 74, 0), (2000, 30, 522, 197, 0), (3000, 46, 940, 359, 0), (4000, 61, 1402, 524, 0), (5000, 76, 1938, 717, 0)]

== (ad) weighted rough shifted-divisor estimates (§31) ==
rough weighted events (X,z,count,S0,S_a/(L^3/log z),max Tq/bq,max Tq/aq,max composite Tq/bq): [(80, 3, 13, 2.63779, 0.04715, 0.20448, 10.22399, 0.0573), (120, 3, 20, 3.36391, 0.05491, 0.15887, 7.94364, 0.0934), (160, 5, 21, 3.2544, 0.05087, 0.19332, 9.6662, 0.09144), (200, 5, 27, 3.71965, 0.05165, 0.2987, 14.93507, 0.0931)]
divisor-majorant/algebra checks: 140 class bounds and 96 linear-form readings

== (ae) k=1 certification and nine-prime anatomy (§32) ==
certification (intrinsic,k=1,k>1,§15,direct) = (809, 338, 471, 171, 1014)
k=1 masses (X,all/L^2,prime/L) = [(100, 0.12035, 0.366879), (1000, 0.119906, 0.422304), (10000, 0.120576, 0.458852), (100000, 0.121154, 0.484461)]
anatomy (P,min-k,#min,Type-I,primitive,#A-mod,#B-mod,common) = [(409, 2, 4, 22, 18, 5, 3, ()), (577, 2, 4, 22, 22, 9, 6, (7, 39)), (5569, 2, 3, 40, 34, 12, 9, (39, 47, 143)), (9601, 2, 4, 40, 34, 11, 6, ()), (23929, 2, 6, 196, 128, 36, 13, (7, 11, 39, 303)), (83449, 2, 2, 70, 64, 25, 10, (39, 191)), (102001, 3, 1, 106, 82, 25, 16, (47, 111, 115)), (329617, 2, 5, 230, 184, 71, 20, (3, 107, 167, 21975)), (712321, 2, 8, 150, 122, 49, 21, (35, 191))]
Type-I-less odd primes <=10^5: [] ; block seconds 8.45

== (af) finite-window transfer obstructions (§33) ==
exact cyclic windows (X,W,min,mean,max) = [(15, 100, 18, 22.1645, 27), (15, 1000, 217, 221.645, 226), (23, 100, 4, 11.3612, 21), (23, 1000, 98, 113.6121, 128), (23, 10000, 1110, 1136.1209, 1161), (23, 100000, 11340, 11361.2093, 11385)]
X=15 prime-coordinate rectangle: three survivors, crossed corner killed

== (ag) prime-slice k-aspect assault (§34) ==
toy incidence (triples,M1,M2,bad>M2/T,max good W) = (896, 4.76712, 8.255781, 0.49262, 10)
toy progression (|E|/main,CS/main,(34.7)-scale/main) = (0.130894, 0.187072, 2.269086)
completion (max Weil-envelope ratio,q^.5/K at floor,seconds) = (0.111489, 7629394531250, 0.056)

== (ah) Unit W blind pointwise slices (§35) ==
q=3/q<=63 counts = (5192, 9732) ; a=1 Type-II cap counts/residual = ((4850, 7824, 8962, 9525, 9680, 9719, 9726, 9727), [193, 2521, 66529])
Type-II rescues/max least q<=63 offset = (((2, 5, 5, 1), (2, 159, 2, 7), (5, 832, 4, 27)), (535, 87049, (47, 38, 573, 1, 13)))
a=1 Type-I hard primes/max first c = (82887, (107588, 8604961, 2079)) ; campaign-host calibration seconds 1.76

== (ai) Type-I character mass and class-number audit (§36) ==
ground Type-I raw/primitive counts = ((8, 8, 10, 26, 32, 30, 56, 12, 26, 26, 36, 22, 22, 40, 40, 196, 70, 106, 230, 150), (8, 8, 8, 24, 28, 28, 48, 12, 26, 26, 30, 18, 22, 34, 34, 128, 64, 82, 184, 122))
c=1 ground counts/k=1 hard failures <10^4 = ((0, 0, 0, 0, 0, 0, 0, 0, 0, 0, 0, 0, 0, 0, 0, 0, 0, 0, 0, 0), [2521])
quadric exact range/Hurwitz projection failure = (50, (5369, 13280, 1534))
character-sum (36.3)/(36.13) and (s,r)-quadric checks: exact below 30 and at k=1 for 73, 193

== (aj) Unit Y two-level hypergraph minorant (§37) ==
composite moments (X,z,family,K,mu,j!e_j/mu^j) = [(80, 2, 'raw', 42, 1.1091, (1.0, 1.184, 1.447, 1.72)), (80, 2, 'reduced', 14, 0.40213, (1.0, 1.382, 1.647, 0.978)), (120, 3, 'raw', 64, 0.77139, (1.0, 0.894, 0.655, 0.348)), (120, 3, 'reduced', 34, 0.41444, (1.0, 0.986, 0.824, 0.419)), (200, 5, 'raw', 55, 0.42975, (1.0, 0.611, 0.191, 0.124)), (200, 5, 'reduced', 28, 0.21273, (1.0, 0.499, 0.0, 0.0))]
residue-set tensor rho/modulus = (8, 21) ; odd Bonferroni identity exact

== (ak) fixed-value actions and k=2 -> k=1 hunt (§38) ==
fixed-value V<=5000: tuples/branches/smaller branches = (188374, 203906, 159210) ; graph edges/components at P=2137 = (78601, 17)
hard fibres <=5000: moves/smaller-source moves/connected = (76, 75, 0) ; reversible directed edges = (132390, 103990)
k=2->k=1 two-feature box: bound/counts/candidates = (1000, (12, 12, 10, 34), 1056) ; universal coordinate hits = [0, 0, 0]

== (al) c-free critical-window assembly toy (§39) ==
toy parameters X/kappa/K/H and atoms/classes/ells = (625, '1/4', 5, 1) (134, 134, 34)
compatible/dependent pairs; mu, Delta/mu, Delta/mu^2 = (7950, 522) (0.356068, 0.006936, 0.01948)
exact j! e_j / mu^j for j=1..4 = (1.0, 0.957258, 0.88565, 0.799226)

== (am) residue-dispersion companions (§40) ==
dispersion (X,z,Y,K,S/Lambda^2,Cauchy/Lambda^2,C/S,endpoint/S,sum1/p,t_p) = [(80, 2, 11, 14, 0.0002902, 0.0006208, 2.139, 0.858, 1.269, ((3, 0.35385), (5, 0.45), (7, 0.1), (11, 0.15), (13, 0.15385))), (120, 3, 13, 34, 0.0001183, 0.0005121, 4.328, 0.783, 1.016, ((5, 0.39737), (7, 0.27647), (11, 0.15), (17, 0.17647), (19, 0.14737))), (200, 5, 17, 28, 2.72e-05, 0.0001653, 6.088, 0.891, 0.916, ((7, 0.17647), (11, 0.15385), (13, 0.15385), (17, 0.17647)))]
ordered-pair and Q(zeta_7) additive-character Parseval identities exact

== (an) Unit R independent construction stress (§41) ==
independent atom/moment rows (mode,X,K,atoms,ells,mu,j!e_j/mu^j j=1..6) = [('literal', 3000, 5, 138, 69, 0.049793, (1.0, 1.063584, 1.226192, 1.531647, 2.033861, 2.798509)), ('literal', 6000, 9, 330, 147, 0.062663, (1.0, 1.080129, 1.279698, 1.65625, 2.294238, 3.317229)), ('literal', 10000, 13, 966, 409, 0.109744, (1.0, 1.085372, 1.290092, 1.670174, 2.318299, 3.388426)), ('enlarged', 3000, 9, 1202, 175, 0.697545, (1.0, 0.990097, 0.971991, 0.947383, 0.917846, 0.884716))]
W profile stress (mode,X,K,atoms,cells,min,median,max,mean|.-1|), normalized by 1/phi(g) = [('literal', 3000, 5, 138, 4, 0.0, 0.0, 4.0, 1.5), ('literal', 6000, 9, 330, 4, 0.0, 0.127, 3.745, 1.373), ('literal', 10000, 13, 966, 16, 0.0, 0.0, 5.552, 1.476), ('enlarged', 3000, 5, 1000, 4, 0.546, 0.748, 1.958, 0.479), ('enlarged', 6000, 9, 2874, 12, 0.361, 0.905, 1.832, 0.446), ('enlarged', 10000, 13, 7700, 24, 0.204, 1.019, 1.743, 0.385)]
S1/fixed-ell atoms checked and compatible pairs exhaustively scanned; (al) overlap = (14210, 1128378) (134, 134, 34)

== (ao) short-cofactor endpoint companions (§42) ==
endpoint (X,z,incidences,(p,K,collisions,all-pairs),energy,diagonal) = [(80, 2, 25, ((3, 5, 10, 10), (5, 8, 9, 28), (7, 2, 0, 1), (11, 6, 0, 15), (13, 4, 0, 6)), '54609/67600', '49211/135200'), (120, 3, 59, ((5, 14, 23, 91), (7, 13, 22, 78), (11, 6, 0, 15), (17, 12, 4, 66), (19, 14, 0, 91)), '2371407/5216450', '17395877/83463200'), (200, 5, 51, ((7, 11, 15, 55), (11, 14, 8, 91), (13, 14, 4, 91), (17, 12, 4, 66)), '150469/781456', '71765/781456')]
unique-q, complement c^2*s collision, and Q(zeta_7) Parseval checks exact

== (ap) general-numerator multiplier transfer (§43) ==
general-m identity exact/symbolic: 364 rational instances; even/composite/shared(m,n) = (177, 332, 217) ; per m = {3: 52, 5: 52, 6: 52, 7: 52, 8: 52, 12: 52, 25: 52}
m=5 toy atoms/dedup/coupling/same-ell pairs/ramified = (278, 278, 278, 663, 102)
INFORMATIONAL eta_2 finite ratios (m,coprime actual/predicted,class ratios,predicted each) = [(3, 0.838718, 0.818182, (0.504023, 0.334695), 0.409091), (5, 0.882109, 0.862069, (0.349451, 0.187416, 0.182552, 0.16269), 0.215517), (6, 0.686177, 0.654545, (0.435449, 0.250728), 0.327273), (8, 0.818581, 0.8, (0.335735, 0.171224, 0.161744, 0.149878), 0.2), (12, 0.686177, 0.654545, (0.308092, 0.134208, 0.127357, 0.11652), 0.163636), (25, 0.882109, 0.862069, (0.221087, 0.050849, 0.055332, 0.041723, 0.032294, 0.045557, 0.031626, 0.035467, 0.039352, 0.028952, 0.036811, 0.027699, 0.029359, 0.03419, 0.027322, 0.032266, 0.02736, 0.027867, 0.031461, 0.025536), 0.043103)]

== (aq) slice-conspiracy characterizations (§44) ==
hard primes/slices/wrong-grade-forced slices = (385, 111, 80)
all-zero (ck cutoff, slice count, hard-prime count) = [(4, 8, 385), (5, 10, 220), (10, 27, 161), (15, 45, 63), (20, 66, 41), (25, 87, 30), (30, 111, 15)]
vanishing-depth histogram = {99: 2, 100: 3, 101: 10, 102: 4, 103: 18, 104: 43, 105: 40, 106: 43, 107: 55, 108: 55, 109: 64, 110: 33, 111: 15}
depth-111 primes = (2521, 9601, 12289, 13729, 15289, 18481, 19009, 20089, 21121, 21169, 21841, 27361, 27481, 28921, 29569) ; 2521 vanishes on all 111 slices

== (ar) moving-s Kloosterman-matrix audit (§45) ==
joint matrix (X,z,Y,incidences,cells,V,l1,l2^2,edge-l2^2,sum l2_p^2/p) = [(80, 2, 11, 25, 23, '54609/67600', '1897/260', '378617/135200', '352357/135200', '55711/135200'), (120, 3, 13, 59, 57, '2371407/5216450', '17286/1615', '201997063/83463200', '194884603/83463200', '18474697/83463200'), (200, 5, 17, 51, 51, '150469/781456', '6509/884', '485259/390728', '485259/390728', '71765/781456')]
endpoint residue energy = exact Kloosterman-matrix Parseval energy; reciprocity exact

== (as) endpoint-bulk collision audit (§46) ==
bulk corners (X,z,Y,W1,closed cells,open cells,closed,mixed,open diag,open local,open far,total) = [(80, 2, 11, 25, 12, 11, '16681/33800', '5277/27040', '14419/135200', '0', '1/80', '54609/67600'), (120, 3, 13, 43, 28, 29, '735841/3338528', '1062997/8346320', '6819677/83463200', '0', '2759/109820', '2371407/5216450'), (200, 5, 17, 84, 30, 21, '7635/91936', '95917/1562912', '29501/781456', '0', '3/289', '150469/781456')]
five rational corners resum exactly; no incidence Cartesian arrays

== (at) complete-system codegree hierarchy (§47) ==
complete hierarchy toy (K,mu,compatible counts,max ell,C_toy,categories) = (28, Fraction(27839083, 19372210), (28, 316, 1868, 6217), (Fraction(6342705, 3874442), Fraction(295533, 149017), Fraction(14316, 7843), Fraction(421, 253)), Fraction(38419290, 27839083), (73548, 14916, 0))
Lambda_toy := mu; exact max ell <= C_toy Lambda_toy with C_toy = 38419290/27839083 ; divisor-cube contribution = 3
higher/equal prime-power extension ratios = 1/77 1/31 ; all structure splits exact

== (au) conspiracy depth and guaranteed slice positivity (§48) ==
unforced slices / hard census = (31, 385)
per-slice (c,k,zeros,genus,residual,positive) = ((5, 1, 220, 185, 35, 165), (7, 1, 330, 182, 148, 55), (10, 1, 313, 185, 128, 72), (11, 1, 273, 181, 92, 112), (13, 1, 334, 188, 146, 51), (14, 1, 299, 182, 117, 86), (15, 1, 348, 185, 163, 37), (17, 1, 303, 186, 117, 82), (19, 1, 336, 181, 155, 49), (20, 1, 334, 185, 149, 51), (21, 1, 341, 182, 159, 44), (22, 1, 365, 181, 184, 20), (23, 1, 346, 173, 173, 39), (26, 1, 318, 188, 130, 67), (28, 1, 371, 182, 189, 14), (29, 1, 325, 189, 136, 60), (30, 1, 353, 185, 168, 32), (5, 2, 293, 185, 108, 92), (7, 2, 358, 182, 176, 27), (10, 2, 340, 185, 155, 45), (11, 2, 326, 181, 145, 59), (13, 2, 353, 188, 165, 32), (14, 2, 337, 182, 155, 48), (15, 2, 363, 185, 178, 22), (5, 3, 348, 185, 163, 37), (7, 3, 348, 182, 166, 37), (10, 3, 348, 185, 163, 37), (5, 4, 321, 185, 136, 64), (7, 4, 368, 182, 186, 17), (5, 5, 325, 185, 140, 60), (5, 6, 359, 185, 174, 26))
D histogram / records / max = ({4: 165, 6: 29, 9: 30, 10: 66, 12: 13, 13: 19, 16: 18, 18: 4, 20: 6, 21: 3, 22: 2, 25: 10, 27: 3, 28: 2, 30: 1, 33: 2, 34: 1, 37: 3, 38: 1, 41: 2, 43: 1, 58: 2, 66: 1, 76: 1}, [(73, 6), (193, 9), (241, 10), (769, 12), (1321, 20), (2281, 25), (2521, 37), (9601, 66), (12289, 76)], 76)
D versus w*: Pearson/Spearman = (0.525121, 0.568502)
least-q guarantees / all q<=7 classes = (31, 30)

== (av) implication-reduced antichain (§49) ==
antichain toy (raw,dagger,deleted,count-share,mass-share) = (1042, 970, 72, Fraction(485, 521), Fraction(95939121956839722056075631007557946354978103940733992981778350623113, 102069797230671390233799213593754032685657666532984674014604755427345))
max residue concentration (phi(g)*share,g,share,bins) = (Fraction(220, 1), 943, Fraction(1, 4), 4)
small-S (Lambda_dagger,counts,max ell/Lambda_dagger) = (Fraction(27839083, 19372210), (28, 316, 1868), (Fraction(31713525, 27839083), Fraction(38419290, 27839083), Fraction(35360520, 27839083)))
collective 2x2 semiprime-grid forced extension load = 2

== (aw) conditional slice prime-factor reduction (§50) ==
prime-factor ck histogram = {5: 156, 7: 30, 10: 36, 11: 35, 13: 13, 14: 15, 17: 16, 19: 4, 21: 15, 22: 9, 23: 6, 26: 10, 28: 4, 29: 3, 31: 1, 33: 2, 34: 3, 35: 1, 37: 1, 38: 4, 39: 2, 42: 5, 43: 1, 46: 1, 55: 2, 62: 1, 66: 4, 67: 1, 69: 1, 70: 1, 77: 1, 78: 1}
prime-factor records / exact implication instances = (((73, 7), (193, 10), (241, 21), (1201, 34), (2521, 38), (4729, 66), (7489, 70), (9601, 78)), 497)
ck_pr versus ck_min: equal/larger/max gap/maxima = (311, 74, 55, 78, 77)

== (ax) witness-modulus tail and effectivity audit (§51) ==
W_II<=3000 hard-prime tails (T:count) = {25: 226, 100: 19, 400: 0, 1600: 0}
continuity-corrected fits (log C,c): elementary/cubic = ((-2.857443, 0.063662), (-3.301847, 0.016146))
toy CRT void (atoms,period,count,probability) = (6, 39215, 32277, Fraction(32277, 39215))
exceptional-conductor deletion toys ((X,K):(all,r=3,5,7)) = [((40, 5), (10, 8, 10, 10)), ((200, 13), (90, 54, 64, 90)), ((300, 13), (144, 82, 98, 144))]

== (ay) per-slice sieve bookkeeping and residual census (§52) ==
panel (c,k,h,Q,a,class primes,vanishers,good q<=30000) = ((5, 1, 20, 120, 73, 105, 35, 413), (7, 1, 28, 168, 73, 66, 41, 268), (10, 1, 40, 120, 73, 105, 58, 208), (13, 1, 52, 312, 73, 31, 24, 141))
INFO residual rows (c,k,active,vanish,freq,log-model) = ((5, 1, 200, 35, 0.175, 0.5580798776052692), (7, 1, 203, 148, 0.729064039408867, 0.6778457994531867), (5, 2, 200, 108, 0.54, 0.7470474399964632), (10, 1, 200, 128, 0.64, 0.7470474399964632), (11, 1, 204, 92, 0.45098039215686275, 0.7919149567245097), (13, 1, 197, 146, 0.7411167512690355, 0.8233139130691202), (7, 2, 203, 176, 0.8669950738916257, 0.8233139130691202), (14, 1, 203, 117, 0.5763546798029556, 0.8233139130691202), (5, 3, 200, 163, 0.815, 0.7470474399964632), (15, 1, 200, 163, 0.815, 0.7470474399964632), (17, 1, 199, 117, 0.5879396984924623, 0.8643190614561633), (19, 1, 204, 155, 0.7598039215686274, 0.8784363587055057), (5, 4, 200, 136, 0.68, 0.8643190614561633), (10, 2, 200, 155, 0.775, 0.8643190614561633), (20, 1, 200, 149, 0.745, 0.8643190614561633), (7, 3, 203, 166, 0.8177339901477833, 0.8233139130691202), (21, 1, 203, 159, 0.7832512315270936, 0.8233139130691202), (11, 2, 204, 145, 0.7107843137254902, 0.8898960370315792), (22, 1, 204, 184, 0.9019607843137255, 0.8898960370315792), (23, 1, 212, 173, 0.8160377358490566, 0.8993832465473572), (5, 5, 200, 140, 0.7, 0.8898960370315792), (13, 2, 197, 165, 0.8375634517766497, 0.9073664712061605), (26, 1, 197, 130, 0.6598984771573604, 0.9073664712061605), (7, 4, 203, 186, 0.916256157635468, 0.9073664712061605), (14, 2, 203, 155, 0.7635467980295566, 0.9073664712061605), (28, 1, 203, 189, 0.9310344827586207, 0.9073664712061605), (29, 1, 196, 136, 0.6938775510204082, 0.9200549500285674), (5, 6, 200, 174, 0.87, 0.8643190614561633), (10, 3, 200, 163, 0.815, 0.8643190614561633), (15, 2, 200, 178, 0.89, 0.8643190614561633), (30, 1, 200, 168, 0.84, 0.8643190614561633))
composite gap events / canonical witness shapes = (74, {('semiprime',): 49, ('multi-prime',): 13, ('prime-power', 'semiprime'): 2, ('prime-power',): 2, ('multi-prime', 'semiprime'): 6, ('multi-prime', 'prime-power', 'semiprime'): 1, ('multi-prime', 'prime-power'): 1}, {'semiprime': 68, 'multi-prime': 24, 'prime-power': 6})
INFO correlations (A,B,n,vA,vB,joint,joint/product) = (((5, 1), (5, 2), 200, 35, 108, 10, 0.5291005291005291), ((5, 1), (5, 3), 200, 35, 163, 29, 1.016652059596845), ((7, 1), (7, 2), 203, 148, 176, 125, 0.9741630835380836), ((10, 1), (10, 2), 200, 128, 155, 93, 0.9375), ((5, 1), (7, 1), 101, 17, 70, 12, 1.0184873949579831), ((5, 1), (10, 1), 200, 35, 128, 16, 0.7142857142857143), ((7, 1), (11, 1), 99, 73, 43, 32, 1.0092386110226186), ((11, 1), (17, 1), 101, 52, 64, 38, 1.1532451923076923))

== (az) stacked slice sieve structure and genus asymmetry (§53) ==
overlap check (uniform threshold,primes,small collision,duplicate) = (900, 9438, (3, (5, 1), (5, 2), (1, 2)), ((5, 2), (20, 1), 20))
Q_30 / sampled raw mass min,median,max / sharp = (9316358251200, (0.0, 1.33851, 2.428391), (0.0, 1.27601, 2.324224))
INFO prime-core independence (patterns,marginals,corr range) = (159, (138, 120, 132, 136, 128, 145, 128, 138), (-36, 30))
ck_pr<=30 / good q<=z / INFO no-good mass bands = (352, 345, ((0, 76, 25, 0.324856), (1, 84, 14, 0.831566), (2, 62, 1, 1.281912), (3, 88, 0, 1.698663), (4, 75, 0, 2.198854)))

== (ba) logarithmic lower tails (§54) ==
residue-one Type-II escape (cap,moduli,data) = (300, 75, 982)
Type-II least-prime regressions (T,M,p,eligible,log p/log M) = [(3, 6, 7, (3,), 1.086033133), (5, 60, 61, (3,), 1.004037106), (7, 420, 421, (3, 7), 1.000393712), (11, 27720, 55441, (3, 7, 11), 1.067758686)]
Type-I least-prime regressions (T,R,p,slices,log p/log R) = [(5, 120, 241, 10, 1.145651466), (7, 840, 2521, 16, 1.163217502), (11, 9240, 9241, 29, 1.000011851)]
INFO finite least-prime ratios versus effective Linnik L=5.2 = (1.145651466, 1.163217502, 1.000011851)

== (bb) general-numerator tails and effectivity (§55) ==
general-m W_m<=1500 tails (m:(prime count,tails,unresolved)) = {3: (9591, (0, 0, 0), 0), 5: (9591, (875, 61, 5), 1), 6: (9590, (3136, 663, 77), 17), 7: (9591, (2222, 438, 35), 10)}
eta_2 exact values = {3: Fraction(9, 11), 5: Fraction(25, 29), 6: Fraction(36, 55), 7: Fraction(49, 55)}
INFO fitted c by m (Layer-1,cubic) = {3: ((1.53614, 0.65685, 0.35248), (0.72281, 0.24683, 0.11208)), 5: ((0.67119, 0.60539, 0.48019), (0.33304, 0.2399, 0.16102)), 6: ((0.26114, 0.26685, 0.25832), (0.1024, 0.08357, 0.06845)), 7: ((0.58569, 0.52842, 0.5146), (0.29527, 0.21275, 0.17532))}
finite favorable harmonic-mass ratios (m,r) = {(5, 5): 0.431615, (6, 3): 0.663543}
r=5|m Page shadow (favorable,unfavorable,sample q=muv data) = (6691, 4514, ((4, 2, 2, 1, 1, 5, -1), (9, 3, 3, 1, 1, 5, -1), (9, 3, 3, 1, 2, 10, -1), (9, 3, 3, 2, 1, 10, -1), (14, 7, 2, 1, 1, 5, -1), (14, 7, 2, 1, 3, 15, -1), (14, 7, 2, 3, 1, 15, -1), (14, 2, 7, 1, 1, 5, -1)))

== (bc) congruence-certificate ceilings and extremal census (§56) ==
W census (limit,count,cap,max,records) = (1000000, 9732, 3000, 335, ((73, 7), (193, 15), (1201, 31), (2521, 47), (3361, 99), (33289, 155), (90841, 167), (144169, 191), (167521, 259), (225289, 279), (361321, 287), (915961, 303), (954409, 335)))
INFO W normalized maxima (ratio,p,W) = ((24.330286035933803, 954409, 335), (9.27783941201527, 954409, 335), (1.836625163793566, 225289, 279))
ck_pr/D census (limit,count,max ck_pr,max D,factorizations) = (300000, 3202, 461, 102, 14143)
ck_pr records / D records = (((73, 7), (193, 10), (241, 21), (1201, 34), (2521, 38), (4729, 66), (7489, 70), (9601, 78), (31081, 110), (51769, 249), (83689, 282), (113161, 378), (171481, 461)), ((73, 6), (193, 9), (241, 10), (769, 12), (1321, 20), (2281, 25), (2521, 37), (9601, 66), (12289, 76), (55441, 82), (92401, 102)))
INFO ck_pr / D normalized maxima = (((38.250189879861566, 171481, 461), (15.366153370608801, 171481, 461), (3.1737028760205295, 171481, 461)), ((8.920846057034161, 92401, 102), (3.6612131163300936, 92401, 102), (0.8571133823699139, 12289, 76)))

== (bd) supercritical-window arithmetic and calibration (§57) ==
displayed log bounds (57.4), cubic = {0.25: (822.1720589961077, 9000.0, 94376.58674809651, 968377.2233983162), 0.4: (-2981.0717055349774, -53095.73444801943, -900000.0000000021, -14848931.924611174)}
displayed log bounds (57.5), square-log = {0.4: (276.088479825087, 4083.3517064007265, 53750.27186715726, 650819.6979888527), 0.5: (-2515.203712365758, -36249.728132842705, -476276.73717348697, -5909753.28164481)}
threshold ratios saving/(2 log N), cubic = {0.25: (0.08891397050194613, 0.05, 0.028117066259517456, 0.015811388300841896), 0.36: (0.8689004143746881, 1.0446480654270205, 1.255943215754791, 1.5099758602010096), 0.4: (1.9905358527674886, 3.1547867224009716, 5.000000000000011, 7.924465962305587)}
threshold ratios saving/(2 log N), square-log = {0.4: (0.34702993514927816, 0.29194811511589636, 0.23025850929940472, 0.17433995708582434), 0.5: (1.7269388197455342, 2.302585092994046, 2.8782313662425576, 3.4538776394910684), 0.55: (3.790265542024612, 6.362215477736771, 10.011943425291237, 15.125147999453613)}
threshold crossing log N (c=1) = ({0.36: 5792.618751480155, 0.4: 31.9999999999999}, (0.5, 54.598150033144236))
exact-harvest calibration (T,m(T),integer tail,prime tail) = ((100, 4.248031290751, 5516, 76), (300, 7.349236274282, 1064, 5), (1000, 12.171587320339, 569, 0), (3000, 18.126592298585, 550, 0))
INFO observed-density / exp(-m(T)) (T,integer,prime) = ((100, 1.286469668915226, 0.20454407630000676), (300, 5.515096722031963, 0.2990745998109652), (1000, 366.474888097349, 0.0), (3000, 136621.93931926636, 0.0))
toy atom-lcm table (X,degree,atoms,compatible,lcm>X^2) = ((15, 2, 11, 41, 0), (15, 3, 11, 57, 45), (15, 4, 11, 18, 18), (23, 2, 23, 200, 0), (23, 3, 23, 846, 765), (23, 4, 23, 1809, 1809), (31, 2, 31, 393, 0), (31, 3, 31, 2653, 2418), (31, 4, 31, 10389, 10371))
verify (bd) runtime seconds = 0.068

== (be) inverse census and Jacobsthal integer/prime split (§58) ==
moving inverse census (T,L_int,L_p,Wp,L_h,Wh) = ((3, 4, 7, 11, 73, 7), (7, 9, 37, 15, 193, 15), (15, 16, 79, 23, 1201, 31), (31, 36, 211, 43, 2521, 47), (63, 64, 1381, 83, 3361, 99), (100, 121, 10399, 103, 33289, 155), (200, 225, 22621, 419, 167521, 259), (335, 336, 22621, 419, 1853329, 383), (382, 400, 22621, 419, 1853329, 383), (500, 529, 206299, 695, 2031121, 2495), (750, 784, 2031121, 2495, 2031121, 2495), (1000, 1024, 2031121, 2495, 2031121, 2495), (1250, 1296, 2031121, 2495, 2031121, 2495), (1500, 1521, 2031121, 2495, 2031121, 2495), (1750, 1764, 2031121, 2495, 2031121, 2495), (2000, 2025, 2031121, 2495, 2031121, 2495))
square/full-system replay (moduli,divisor data,distinct classes,square checks,incidences) = (750, 15754, 14745, 750000, 15754000)
D=1/D=2 shifted conditions and hard-record interval checked

== (bf) polynomial escape classification and nonsquare census (§59) ==
polynomial local/discriminant/conductor checks = (400, 396)
nonsquare tail census (N, T-grid, counts, final survivors) = (300000, (100, 300, 1000, 3000), (4969, 517, 22, 3), (288, 336, 4545))
twisted-square reduction/family W checks = (47262, {2: {None: 1, 3: 40, 11: 11, 19: 4, 35: 1, 59: 2, 131: 1}, 21: {None: 1, 11: 33, 19: 9, 23: 15, 31: 1, 71: 1}, 505: {None: 1, 11: 33, 23: 23, 47: 1, 87: 1, 107: 1}})
targeted Python-int resolution (cap,divisor values,resolved,unresolved) = (3000000, 36611608, (), (288, 336, 4545))

== (bg) witness duality and resolved survivor frontier (§60) ==
duality replay (n cap,rows,gcd-correction,swap,fixed rows) = (2000, 33882, 11451, 1196, 54)
survivor dual near misses / canonical exhaustions / uniform models = ({288: (756, 43, 4, 0), 336: (912, 65, 37, 0), 4545: (22995, 188, 62, 0)}, {288: (96, 66, 209, 0), 336: (112, 78, 262, 0), 4545: (1515, 1152, 5405, 0)}, {288: 13.266827, 336: 15.617351, 4545: 49.909726})
toy union coverage (M box,divisors,all,M-side,a-side,overlap) = (100000, 1070466, 9, 8, 9, 8)

== (bh) decidable census, twisted squares, and prime criterion (§61) ==
decidable W-infinity census (limit,infinities,nonsquares,pairs,tests) = (200000, 450, (288, 336, 4545), 599581, 24246108)
hard-prime original/duality cross-check (limit,count,max W,sum W,even-D minima) = (300000, 3202, 279, 44426, 1941)
independent direct overlap (n cap,M cap,divisors,incidences,tail) = (3000, 100351, 1074878, 73105, (288, 336))
twisted-square box (s count,m cap,vanishing,W histogram,digest) = (121, 30, {2: (12,), 21: (4,)}, Counter({7: 1064, 3: 940, 11: 449, 23: 334, 19: 177, 15: 154, 47: 104, 31: 86, 39: 51, 71: 44, 59: 37, 35: 31, 43: 30, 55: 24, 119: 14, 79: 13, 95: 11, 127: 7, 167: 7, 67: 6, 103: 6, 83: 5, 107: 5, 87: 3, 143: 3, 239: 3, None: 2, 215: 2, 223: 2, 179: 2, 199: 2, 151: 2, 99: 1, 727: 1, 419: 1, 227: 1, 139: 1, 271: 1, 479: 1, 335: 1, 163: 1, 499: 1}), '3c6c31f96adce8ea9180cc86e93da841e49d71f7a25a8d094e58c05fd5047007')
hard-prime dual criterion (p:(raw,uniform mass,rows,(W,a,D,h))) = {954409: (11465930, 192.502348, 62, (335, 2855, 504, 239316)), 1853329: (24242528, 247.180398, 112, (383, 4839, 2, 464542)), 2031121: (26874324, 222.590291, 36, (2495, 815, 576, 507984))}

== (bi) divisor-ratio spectra and finite conspiracy (§62) ==
ratio-spectrum identity / small-law exhaustive counts = (500, {3: 66667, 7: 85715, 11: 90910, 15: 53333, 19: 94737, 23: 95653}, {3: 8814, 7: 25359, 11: 34046, 15: 26423, 19: 46679, 23: 54165})
hard-prime spectrum replay (count,candidates,hits,max,sum,digest) = (1181, 27107184, 1190, 167, 15779, '2acabc3ad120e2f6b02c86f42677bc1b49c89152175bcfd59de0070cdde3a6ea')
late-prime spectrum anatomy = {225289: ((279, 811, 245, 56525), (31, 7335, 524, 56330), (None, None, None, None, None, None)), 954409: ((335, 2855, 504, 239316), (3, 318495, 269, 238603), ((318495, 269), None, None, None, None, None)), 1853329: ((383, 4839, 2, 464542), (3, 617815, 29, 463333), ((617815, 29), (264783, 38), (168503, 51), None, None, None)), 2031121: ((2495, 815, 576, 507984), (11, 185279, 1737, 507783), (None, None, (185279, 1737), None, (107255, 1681), None))}
sporadic nonunit anatomy = {288: (48, 48, 32, 43, 0, 0), 336: (56, 56, 40, 65, 0, 0), 4545: (757, 357, 357, 188, 0, 0)}
twisted-square staged hunt (s,population,stage1,stage2,infinity,max) = (121, 5105, 0, 0, (), (659, (1666170, 170, 99)))

== (bj) algebraic taxonomy, sqrt regime, and first-a index (§63) ==
taxonomy (D1,proper-DIV) / fixed-D / CRT feasibility rows = ((512, 256), 7146, 360)
sqrt replay (hard,3mod4-shift-factor,W>sqrt) = (3202, 1517, 2)
a1 census (limit,count,hist,max a1,max W,Pearson) = (1000000, 9732, {3: 5192, 7: 3551, 11: 584, 15: 131, 19: 113, 23: 96, 27: 8, 31: 33, 35: 4, 39: 9, 43: 1, 47: 3, 51: 2, 55: 2, 59: 2, 63: 1}, (63, 87481), (335, 954409), 0.354836)
a1/a_W separation (directions,max ratio,max difference) = ({'a_W_larger': 9732}, (Fraction(47597, 1), 999529, (3, 7, 142791, 2)), (142788, 999529, (3, 7, 142791, 2)))
late-prime a1/W/a_W/D pins = {225289: (31, 279, 811, 245), 954409: (3, 335, 2855, 504), 1853329: (3, 383, 4839, 2), 2031121: (11, 2495, 815, 576)}
research maximum-a1 pin = (107, 139, 63335, 49)

== (bk) gcd mechanism, shifted constraints, and wider hunt (§64) ==
cancellation cover / shifted layers / unit branches = (3523, 2347, 1170, 521, 460, 359, 300, 9, 226)
full sporadic gcd and failure-prime ledgers = ({288: Counter({96: 12, 9: 6, 3: 5, 6: 4, 16: 3, 12: 3, 18: 3, 36: 3, 4: 2, 24: 2}), 336: Counter({48: 14, 112: 10, 6: 8, 3: 6, 21: 6, 7: 4, 42: 4, 8: 3, 2: 2, 4: 2, 14: 2, 24: 2, 16: 1, 28: 1}), 4545: Counter({15: 73, 45: 35, 303: 20, 9: 18, 3: 15, 5: 13, 1515: 8, 101: 3, 909: 3})}, {288: Counter({(2, 3): 18, (3,): 17, (2,): 8}), 336: Counter({(2, 3): 15, (2,): 12, (3,): 11, (7,): 10, (2, 7): 10, (3, 7): 5, (2, 3, 7): 2}), 4545: Counter({(3, 5): 73, (3,): 46, (5,): 35, (3, 101): 18, (101,): 8, (3, 5, 101): 6, (5, 101): 2})})
wider twisted-square hunt (s,pop,D1-pass,D1+D2-pass,stage1,stage2,infinity,max) = (242, 11833, 2406, 872, 0, 0, (), (2147, ((1359015, 15, 301),)))
uniform-independent no-hit product through M=10^4 = 1.0335246404281704e-12

== (bl) W-record census and anatomy (§65) ==
W-record bounded replay (cap,records,late rows,seeded spots,small parity,seconds) = (3000, 13, 4, 1000, {'odd': 475, 'even': 706}, 0.019485468976199627)

== (bm) twisted-family cylinders and bounded hunts (§66) ==
twisted cylinders (classes,lift max,scan maxima,hunt,seconds) = (65, 175539, {2: 4019, 21: 695, 505: 479}, (54990, 6810, 0), 0.10014720354229212)

== (bn) record-stall anatomy and honest A-window (§67) ==
record-stall anatomy (top rows,residue rows,A rows,spots,full,seconds) = (10, 4, 15, 128, False, 0.22384286392480135)

== (bo) PW exception-range arithmetic (§68) ==
PW/campaign exact power rows (sigma,threshold,gap,exclusion) = [(Fraction(1, 4), Fraction(4, 11), Fraction(1, 33), Fraction(1, 12)), (Fraction(1, 2), Fraction(2, 5), Fraction(1, 15), Fraction(1, 6)), (Fraction(1, 1), Fraction(1, 2), Fraction(1, 6), Fraction(1, 3)), (Fraction(2, 1), Fraction(1, 1), Fraction(2, 3), Fraction(2, 3))]
PW reverse powers (layer1 ranges,tail masses,explicit t) = ((Fraction(7, 12), Fraction(1, 2), Fraction(1, 3)), Fraction(-1, 3), Fraction(0, 1), Fraction(-2, 1), Fraction(0, 1))

== (bp) forward-ray polynomial obstruction (§69) ==
forward-ray pins (examples,collapse,fractional,resultant,shadows,periods) = (128, 3472, 280, 335, 652, 19)
forward-ray hunts (constant,syntactic,projected,full,seconds) = ((56226, 1240, 54986, 0), 31375250, (65, 445, 1709, 0), False, 0.3516344456002116)

== (bq) a-frame fixed-modulus failure law (§70) ==
subgroup / composite / decomposition limit = (162, 8, 3, 20000, {3: (13334, 1896, 0, 1896), 7: (17143, 3350, 2149, 5499), 11: (18182, 2861, 4532, 7393), 19: (18948, 2427, 7666, 10093), 23: (19131, 4888, 6722, 11610)})
failure / (unit-count/sqrt(log H)) INFO = {3: 0.44747828222152486, 7: 1.0094643231834433, 11: 1.2795967630660656, 19: 1.676297036488112, 23: 1.9098032499937814}
a=7 wall rows mod 12 (units,successes) = ((1428, 1428), (1429, 634), (1429, 1014), (1429, 1132), (1429, 977), (1429, 638), (1429, 1429), (1428, 635), (1429, 978), (1428, 1132), (1428, 1011), (1428, 636))
hard-prime independent a1 replay = (14929, {3: 84, 7: 98, 11: 11, 15: 1, 19: 4, 23: 2}, 23, 1196)
bq full/seconds = (False, 0.6618737448006868)

== (br) J-form stacking and local correlations (§71) ==
J-form local factors (ell,period,good,total,factor) = [(5, 9240, 180, 300, Fraction(3, 5)), (7, 12936, 280, 420, Fraction(2, 3)), (11, 20328, 462, 660, Fraction(7, 10)), (13, 24024, 540, 780, Fraction(9, 13))]
fixed-J exponents (J,a,stack,prime-tail,F1-stack,F1-prime) = [(1, 3, Fraction(1, 2), Fraction(3, 2), Fraction(1, 2), Fraction(3, 2)), (2, 7, Fraction(2, 3), Fraction(5, 3), Fraction(1, 1), Fraction(2, 1)), (3, 11, Fraction(23, 30), Fraction(53, 30), Fraction(3, 2), Fraction(5, 2)), (4, 19, Fraction(37, 45), Fraction(82, 45), Fraction(2, 1), Fraction(3, 1)), (5, 23, Fraction(859, 990), Fraction(1849, 990), Fraction(5, 2), Fraction(7, 2)), (6, 31, Fraction(446, 495), Fraction(941, 495), Fraction(3, 1), Fraction(4, 1))]
Henriot discriminants (J,factors,Delta) = [(1, {}, Fraction(1, 1)), (2, {3: 2}, Fraction(4, 3)), (3, {2: 4, 3: 2}, Fraction(49, 18)), (4, {2: 14, 3: 8}, Fraction(49, 18)), (5, {2: 16, 3: 8, 5: 2}, Fraction(1472, 225)), (6, {2: 16, 3: 18, 5: 4, 7: 2}, Fraction(20564, 1225))]
F1 finite stacks (limit,total,marginals,joints,INFO ratios) = (300000, 12500, {3: 6689, 7: 3046, 11: 3540, 19: 4282}, [1564, 577, 257], [(2, 1564, Fraction(10187347, 6250), 0.959523612968126), (3, 577, Fraction(1803160419, 3906250), 1.2499754465828257), (4, 257, Fraction(3860566457079, 24414062500), 1.6252573637204983)])
conditional thresholds (theta,J coeff,saving coeff,Kcrit) = ([(Fraction(2, 3), Fraction(3, 4), Fraction(3, 8), Fraction(3, 4)), (Fraction(3, 4), Fraction(2, 3), Fraction(1, 3), Fraction(2, 3))], (Fraction(2, 1), Fraction(4, 1)), False, 0.1592363528907299)

== (bs) a-frame failure census (§72) ==
a-frame a1 replay (limit,count,hist) = (1000000, 9732, {3: 5192, 7: 3551, 11: 584, 15: 131, 19: 113, 23: 96, 27: 8, 31: 33, 35: 4, 39: 9, 43: 1, 47: 3, 51: 2, 55: 2, 59: 2, 63: 1})
a-frame pins (100m count,max/near-max,first-window,taxonomy) = (719781, ((107, 8803369), (91, 22605361), (79, 66222601)), {3: (500, 500, 0), 7: (257, 257, 0), 11: (372, 302, 70)}, {'F3': 739, 'F1': 502})
a-frame wider windows / seconds = (None, 0.4825052209198475)

== (bt) block reduction and dimension-uniform Brun sieve (§73) ==
trichotomy (a: units,fail,F1,CF3(index:count),BLK) = {7: (17143, 5499, 3350, (), 2149), 11: (18182, 7393, 2861, (), 4532), 19: (18948, 10093, 2427, ((3, 275),), 7391), 23: (19131, 11610, 4888, (), 6722), 31: (19355, 13029, 4421, ((3, 473), (5, 154)), 7981), 43: (19535, 14120, 1935, ((3, 1007), (7, 139)), 11039)}
toy Brun (N,Z,k,q-count,exact,exact-Bonf,FL-upper,ratio) = (1000000, 47, 2, 31, 12676, 20281, 28075, 2.2147386546282295)
Mertens finite rows (a,observed,half-loglog,deficit,allowance; C=2) = [(7, 1.3311553645417653, 1.221735178841028, -0.1094201857007373, 2.679438495569111), (11, 1.439219986065702, 1.221735178841028, -0.217484807224674, 2.783869281741817), (43, 1.8004456547215129, 1.221735178841028, -0.5787104758804849, 3.0089426333702383), (103, 1.2709581205472749, 1.221735178841028, -0.04922294170624686, 3.1133624535759585)]
block replay (limit,hard,deep,all-mix,deep-mix,seconds) = (1000000, 9732, [(87481, 63), (118801, 59), (386401, 55), (496609, 51), (526681, 47), (529489, 51), (532249, 55), (806521, 59), (878641, 47), (944329, 47)], {'F1': 6054, 'BLK': 136, 'CF3': 12}, {'F1': 64, 'CF3': 4, 'BLK': 10}, 4.304800276644528)

== (bu) F3 strata and target transversals (§74) ==
F3 subgroup strata (a -> d:count; limit) = ({7: {3: 2149}, 11: {5: 4532}, 19: {3: 275, 9: 7391}, 23: {11: 6722}, 31: {3: 154, 5: 473, 15: 7981}, 43: {3: 139, 7: 1007, 21: 11039}}, 20000)
B_(a,K) / K_a tables through 60 = {3: ((1, 0),), 7: ((1, 0), (3, 2)), 11: ((1, 0), (5, 8)), 19: ((1, 0), (3, 2), (9, 26)), 23: ((1, 0), (11, 50)), 31: ((1, 0), (3, 2), (5, 8), (15, 66)), 43: ((1, 0), (3, 2), (7, 18), (21, 140)), 47: ((1, 0), (23, 242)), 59: ((1, 0), (29, 392))}
BLK target-pair replay (BLK h, realized-g checks) = ({7: 2149, 11: 4532, 19: 7391, 23: 6722, 31: 7981, 43: 11039}, {7: 2593, 11: 5804, 19: 10699, 23: 9052, 31: 11296, 43: 19050})
transient orders at x=10^7 INFO/Assessment = {23: {'F1': 0.24908245390497036, 'proper_pure': 0.07988073730848955, 'proper_pure/F1': 0.3206999772812803, 'proper_budget': 0.07039862358987285, 'proper_budget/F1': 0.28263180519624737, 'target_bound': 5.163010108433208e+21, 'target_bound/F1': 2.0728116442930954e+22, 'census_F3_share': 0.06031746031746032}, 43: {'F1': 0.24908245390497036, 'proper_pure': 0.15671991262502064, 'proper_pure/F1': 0.6291888897353333, 'proper_budget': 9695051.655113379, 'proper_budget/F1': 38923061.432549655, 'target_bound': 4.8887029311081425e+61, 'target_bound/F1': 1.9626845867566708e+62, 'census_F3_share': 0.7321848081440877}}
bu full/seconds = (False, 2.0423896806314588)

== (bv) Vaughan loglog note: identity, distinctness, lattice lemma ==
bv identity checks = 13221  distinct-class triples = 5082  collisions = 0
bv lattice ratio range over k<=9, reduced c (H=30,z=900) = (0.605, 0.913)  seconds = 3.33

== (bw) §75: signed-product union bound, calibration roots, sieve ceiling ==
bw Lemma 75.1 exact rows (a, m, prob, bound): [(7, 1, 0.1667, 0.3333), (7, 2, 0.5278, 1.3333), (7, 3, 0.7917, 4.3333), (11, 1, 0.1, 0.2), (11, 2, 0.35, 0.8), (11, 3, 0.703, 2.6), (19, 1, 0.0556, 0.1111), (19, 2, 0.2068, 0.4444), (19, 3, 0.5293, 1.4444), (23, 1, 0.0455, 0.0909), (23, 2, 0.1715, 0.3636), (23, 3, 0.4571, 1.1818)]
bw index-six structured blocks verified (a -> tuples): {7: 8, 19: 240, 31: 1248, 43: 4800}
bw roots theta_1 = 0.335711  theta_hi = 0.989861  theta_* = 0.523495  theta_tilt = 0.7672  2log3/(1+2log3) = 0.6872  max f = 0.58231 at theta = 0.6348  f/(1-lambda) crossing = 0.91763  index-six threshold = 0.04323
bw a=43 echo m -> (count, block share, Lemma 75.1 floor): {1: (2261, 0.2941, 0.2465), 2: (4958, 0.7096, 0.5558), 3: (3598, 0.7504, 0.3423)}  occupancy sum_p(t_p-1) at Z=1000 = 227 (J = 87 )  seconds = 0.48

== (bx) §76: weighted second moment, Cauchy-Schwarz supply, checkpoints ==
bx phi(4uv) equality cases (odd, even) = (18233, 36562)  CS weighted-moment ratio range = (0.0029, 0.003)
bx pair-sum/(1+log K)^3 for K=100,200,400,800 = [0.1284, 0.1216, 0.1165, 0.1123]  slice replay x=2e5,K=5: incidences = 18332  main term = 18203.4  collisions = 0  seconds = 8.23

== (by) §77: pointwise hunt (criterion, S_4, quadratic signature, fibres) ==
by single-window criterion: primes reconstructed = 59  brute solutions matched = 1262  Lemma 77.2 hits = 1183  (77.5) hits = 1070
by tau: images checked = 2847  |<S3,tau>| = 24  quadratic-constraint data (II, I) = (443, 712)  free S3 orbits = 647
by pigeonhole instances = 688  H-mean vs C0 (A=30) = (0.4715, 0.4722)  |Omega_409| (a,b<=60) = 58  F1-both-fail windows = 183  -p outside subgroup = 1  of 455  seconds = 1.2

== (bz) POINTWISE_SIZE: Lemma CT (character trap), window reciprocity Lemma 8.2 ==
bz Lemma CT: primes p=1 (4) <= 1500: 116, solutions 3498 (Type I 2369, Type II 1129), 0 violations; brute completeness p < 300
bz Lemma 8.2: 47076 (p,q) windows (p=1 (8) < 2000, q=3 (4) < 3p), F1 windows 13648, 0 violations; seconds = 5.0

== (ca) POINTWISE_OMEGA: Lemma 2.3 algebra, prime-local reduction Lemma 2.1 ==
ca Lemma 2.3: 44186 (M,m,D) triples, M <= 6000, 0 failures
ca Lemma 2.1 T=255: 48 free primes, 3000 samples (41 survivors) + 1000 forced survivors, 0 mismatches
ca Lemma 2.1 T=1023: 161 free primes, 1000 samples (2 survivors) + 300 forced survivors, 0 mismatches
ca Lemma 2.1 T=4095: 546 free primes, 400 samples (0 survivors) + 200 forced survivors, 0 mismatches
ca seconds = 0.6

== (cb) POINTWISE_OMEGA2: support-truncated minorant, Lemmas 1.1-1.2 brute force ==
cb O2 Lemmas 1.1, 1.2, 10.1(1): 400 random systems, 262862 (system, x, L) cases, 0 failures; seconds = 3.1

== (cc) POINTWISE_OMEGA3: two-level composition inequality (Thm 3.2) brute force ==
cc O3 Thm 3.2: 3 x 1500 random two-level systems, 30909 composite cells, 0 violations; negative control (beta for c_i<0): 275 violations (expected)
cc seconds = 2.6

== (cd) EXCEPTIONAL_THETA: Prop 2.4 thinning/symmetrisation (reduction LP if scipy) ==
cd Prop 2.4 Step 3 symmetrisation identity: 1364 (z,u,S) cases exact
cd Prop 2.4 reduction LP: 40 random instances, W >= reduced and >= void; min(W - reduced) = -3.3e-16; seconds = 2.4

== (ce) EXCEPTIONAL_BALANCED: (s,r,k) parametrisation Lemma 4.1, gapped => (U) Lemma 2.1 ==
ce Lemma 4.1: 2939 (M, ell) pairs, M <= 6000, 68343 (s,r,k) triples, all n mod q: 0 failures
ce Lemma 2.1: gapped M <= 200000 by 1+eta: {'5/4': 43612, '3/2': 39094, '2/1': 32478}; 0 failures; seconds = 1.9

== (cf) EXCEPTIONAL_TWIN: Jacobi Lemma 1.1, u-form Lemma 3.1, sign Lemma 3.2 ==
cf Lemma 1.1: 159390 classes -4D mod M (M <= 20000), all Jacobi -1 and gcd(D,M) = 1
cf Lemmas 3.1-3.2: 28155 (M, ell, D) u-forms (M <= 3000), 22713 active sign checks, 0 failures; seconds = 3.6

== (cg) EXCEPTIONAL_TWIN2: binary noise stability Thm 1.4, exact tensor check ==
cg Thm 1.4: 2178 in-hypothesis random systems (delta <= 1/16), 0 violations, max lhs/bound = 0.9984; q-term needed in 1176 cases; seconds = 2.1

== (ch) 3/4-note blind audit: 16 toy/exact checks (scripts/es34_blind_audit_checks.py) ==
ch 3/4 blind audit: 16/16 PASS; seconds = 2.6

== (ci) EXCEPTIONAL_TWIN3: Lemma 3.2 box counting, inequality (2.1) ==
ci Lemma 3.2: 243 (j, box) per-box counts OK; assembled bounds OK for j = 101, 211, 1009 (Y = 300)
ci (2.1): 200000 random pointwise OK; toy system X = 2e+06: j=101: 21.89 <= 49.36; j=211: 19.65 <= 62.61; j=1009: 7.19 <= 72.59; seconds = 0.1

== (cj) EXCEPTIONAL_TWIN4: rough-partner Brun-Titchmarsh Lemma 2.3, exact toy check ==
cj Lemma 2.3: 72328 (s, w, q, x, b) cases, 0 violations, worst lhs/bound = 0.126; seconds = 0.8

== (ck) EXCEPTIONAL_KARY: Lemma 2.3 extrapolation constant, Thm 2.5 weighted LP (scipy) ==
ck Lemma 2.3: 1760 (n,t,d), max[log B - (2.1)] = -5.66, max[log B - (3.1)] = -7.58; 300 random g: g(1) <= B E g; LP B* <= B on 144 small (n,t,d)
ck Thm 2.5: 30 random plain-law systems, max weighted LP value = 1.000000 (<= 1); seconds = 0.4

== (cl) EXCEPTIONAL_KARY2: no squares in R(M)/(a,D)/Case-A classes (Lemmas 2.1-2.2), square base (Lemma 2.3) ==
cl Lemmas 2.1-2.2: 6583 R(M)-classes (M <= 1500), 12000 (a,D)-classes, 16406 Case-A classes: no square mod G; control 280/2000 shifted residues are squares
cl Lemma 2.3: W = 7, Q0 = 5040: |R| = 36, 2168 classes of the four types with modulus | Q0 avoided (control: 17 shifted classes hit); (R2) bounds OK
cl Lemma 2.3: W = 11, Q0 = 18480: |R| = 60, 4075 classes of the four types with modulus | Q0 avoided (control: 12 shifted classes hit); (R2) bounds OK
cl seconds = 0.2

== (cm) EXCEPTIONAL_NONCRT: Walsh coefficient vs Fourier mass, Lemma 2.2 ==
cm Lemma 2.2: 2 x 40 random systems, 0 violations, max lhs/rhs = 0.9228, 0.9241; Theta_S pairwise disjoint, 0 excluded (15012 frequencies); seconds = 1.0

== (cn) POINTWISE_OMEGA5: squarefree lifting Lemma 1.1, Cor 1.2 ==
cn Lemma 1.1: bijection n = st^2 (n <= 600); 12959 (q, X, w) cases OK; control: 300 (q, X) cases exceed X/q + 1 without squarefreeness
cn Cor 1.2: 7895 (q, h, Y) cases OK; seconds = 0.2

== (co) POINTWISE_WINDOW: parity Lemma 1.2, Lemma 1.1, W1 congruence data ==
co Lemma 1.2: 73938 (p, q) pairs, parity = (n_q|q) = (p|q); Lemma 1.1: 370 bad-free windows all fail; q = 3 converse on 267 primes p = 1 (24)
co W1 data: 291 sifting moduli d: one reduced class mod 840d, g(d) = 1/phi(d); Step 2 parity on 1454 primes p = 1 (840) < 4e+06; x = 1e6: 395 primes, N_3 = 244 (table); Step 4: 2.216 <= 2.510; seconds = 7.8

== (cp) EXCEPTIONAL_TUPLES2: forms Lemma 1.1, Cor 1.2/(1.3), Lemma 3.1, Thm 4.1 identity ==
cp Lemma 1.1: 122 primes l = 3 (4) <= 1500 (bijection, (1.1) on all residues, -1 in R(l))
cp y=20 N=50: 4 primes; Cor 1.2, (1.3), Lemma 3.1 exact; 29 inadmissible configs; sum(-1)^j e_j^A = E a(H) = 0.20939 (Pi(1-p) = 0.23331); intermediate bound ok
cp y=24 N=300: 5 primes; Cor 1.2, (1.3), Lemma 3.1 exact; 128 inadmissible configs; sum(-1)^j e_j^A = E a(H) = 0.14645 (Pi(1-p) = 0.14202); intermediate bound ok
cp y=32 N=200: 6 primes; Cor 1.2, (1.3), Lemma 3.1 exact; 2400 inadmissible configs; sum(-1)^j e_j^A = E a(H) = 0.11537 (Pi(1-p) = 0.11911); intermediate bound ok
cp y=44 N=1000: 7 primes; Cor 1.2, (1.3), Lemma 3.1 exact; 5769 inadmissible configs; sum(-1)^j e_j^A = E a(H) = 0.11404 (Pi(1-p) = 0.11080); intermediate bound ok
cp seconds = 0.8

== (cq) EXCEPTIONAL_KARY3: Lemma 2.1/(2.1'), Lemma 2.2 bound, Lemma 2.3 steps, §8 data ==
cq Lemma 2.1 on 165999 smooth M <= 1e9 (y = 7, 13, 23): squarefull S_y, M <= S_y E_y, dichotomy, k-indicator bound; Lemma 2.2 grouping bound on 9 (y, k) cases
cq Lemma 2.3/3.1 sub-steps exact; §8 regression y = 7, 13 matches data/kary3/moments.txt; seconds = 1.5

== (cr) EXCEPTIONAL_LARGESIEVE2 §§1-7: Lemma 1.1 LP dual, Lemma 2.2, Lemma 4.1, Thm 4.3, Prop 6.1 ==
cr Thm 4.3 constants exact; Prop 6.1 brute force N < 400; Lemma 1.1 m* = 1/24, 1/140 with dual certificate; Lemma 2.2/Thm 2.4(i) on 504 Farey rows; Lemma 4.1 on 6 kernels
cr Thm 4.3 steps on families ['955', '64', '94', '204'] (leaks ['0.9117', '0.0000', '0.0000', '0.3175']) = data/largesieve2/checks.txt; seconds = 1.7

== (cs) POINTWISE_OMEGA8 §§1-5: BRW sandwich Lemma 3.1, c_W formula Lemma 3.2, exponent bookkeeping ==
cs Lemma 3.1: 70 BRW trials (B <= F, identity, E[F-B] bound) + 40 with arbitrary u_j; energy identity; Lemma 3.2 c_W formula on 45 (phi, t) cases
cs bookkeeping: log(log p)/log L = 16.116, 15.059, 14.529, 14.318, 14.212 (L = 1e3..1e30, -> 14); Thm 4.4 log2 p/(L/log L) = 1.3863, 1.3863, 1.3863 -> 2 log 2; seconds = 1.0

== (ct) POINTWISE_TYPEI: Lemma 1.1 dual form, Thm 6.1 C(5) = 10, census spot check ==
ct Lemma 1.1 on 3441 (p, c, k); Thm 6.1: 12 classes mod 840 covered by 4 certificates, 1628 hard primes p < 3e5 with (5|p) = -1 have ck_min <= 10 (= 5 if p = 2 (5)), ck_min(193) = 10
ct census: 82887 rows = all p = 1 (24) < 1e7; C(r) maxima 5:10, 7:76, 11:111, 13:143, 17:166, 19:218, 23:222, 43:883; 204 rows recomputed; seconds = 1.9

== (cu) POINTWISE_OMEGA9: Thm 1.1 character coefficients, Lemma 2.1, Case A, exponent bookkeeping ==
cu Thm 1.1 on (Z/2520)^*: 576 characters, c(chi) = E_D[B conj chi_D]/phi(Q), 416 nonzero (cond | d_i), |c| <= E|B|/phi(Q) (A = 1.49), 30 real twists = mu_psi/phi(Q), chi* injective, S(20000) exact
cu Lemma 2.1 (200 random); Case A min lambda/(min(u,1)/2) = 1.215; log log Z/log L = 7.900, 7.450, 7.225, 7.112, 7.045 (L = 1e3..1e60, -> 7); Thm 2.3 log2 p/(L/log L) = 0.6932, 0.6931, 0.6931 -> log 2; seconds = 2.2

== (cv) POINTWISE_XWIN §1.1: Klein orbits, beta(a), half-set Lemma 1.1 brute force ==
cv orbit structure / |S_sigma| = phi/2 / 2^beta selections for 100 a = 3 (4) <= 399; Lemma 1.1 on 515870 (a, x), a <= 127, x <= 20000: 383303 with -1 notin Rat_a(x), all confined; seconds = 2.4

== (cw) POINTWISE_WINDOW2: Lemma 1.2 norm forms, Prop 3.7 certified fake (re-solve) ==
cw Lemma 1.2: 13334 + 17143 n <= 20000 (norm forms of Z[omega], Z[(1+sqrt-7)/2]); 273 hard p < 1e5 coprime
cw Prop 3.7: 12769 configs, nu(empty) = 0, nu >= 0, 89 visible correlations, float residual 9.0e-15; 60-digit re-solve: min nu/mu = 0.1542, max = 92506, vs dump 7.1e-13; seconds = 3.2

== (cx) EXCEPTIONAL_INTERFREQ2: Example 3.2, Lemma 3.1, rigidity, Lemma 9.3 ==
cx Example 3.2 identity + charge 0; Lemma 3.1 on 300 random representations; sigma_C(N) = 2/5 (C = 2), 0 (C = 1) for 12 <= N <= 300
cx rigidity mu(0 mod 21) = 0, mu(r mod 21) = 1 (LP, Q' = 2520); N+1 = 12, 15, 20 vanish; SPW LP N=12,C=2: 0.4000<=0.40; N=16,C=2: 0.4000<=0.40; N=20,C=2: 0.4000<=0.40; N=16,C=1: -0.0000<=0.00; N=20,C=1: -0.0000<=0.00; seconds = 1.9

== (cy) EXCEPTIONAL_LARGESIEVE2 §§8-9: Lemma 8.1 Gale, Prop 8.2(a) exact measure, check (5), Thm 9.1 chain ==
cy Lemma 8.1: 504 band sets (l, l' <= 23) Gale-feasible; Prop 8.2(a): exact mu on A mod 5005 with uniform marginals on all 9 allowed moduli (eta = 1/8, 1/9)
cy check (5) OK; LP level < L_i: 1.000000, with D_1: 0.7714; Thm 9.1 chain on 18 random kernels, min slack ratio 3.163; seconds = 5.8

== (cz) POINTWISE_OMEGA10: Lemma 3.2, Thm 3.4 (QM), C-1 / Lemma 3.1 (biased), Cor 4.1 ==
cz Lemma 3.2 + Thm 3.4 (QM) exact on 549 hypergraphs (2092 matchings, 128 with some w_E = 2); C-1 / Lemma 3.1 on 256 biased systems (max G = 0.9898, max Gamma = 1.0000)
cz Cor 4.1 on 153 DNFs (biased q-ary + tribes/AND/OR); negative control (5/4)^n ok; seconds = 1.0

== (da) POINTWISE_OMEGA11: Lemma 1.1 digit-filtration C-1, graded quarantine toy, Lemma 2.2 ==
da Lemma 1.1: 359 digit systems (68 conditioned) G' <= 1 exactly (max unconditioned 0.9677), selection identity on 73; toy: 600 fibre systems, LLL bound on 71, CRT 9 cases
da Lemma 2.2 (T = 3000, 15754 atoms): c = 1/8: 2 rounds, log Q = 242 <= 6.7 + 6686; c = 1/64: 2 rounds, log Q = 1112 <= 6.7 + 53492; seconds = 0.7

== (db) POINTWISE_OMEGA12: Lemma 2.1 parametrisation, Lemma 1.1, Lemma 3.1 steps, Lemma 2.2 blocks ==
db Lemma 2.1 identities + injectivity + involution on all 35803 atoms (T = 10^4); Lemma 1.1(a)-(c), Lemma 3.1 steps exact; Lemma 2.2 on 253 (A,C,B) blocks
db §7 regression: S_0' = 28.75, Omega_0' = 62.18, Sigma_I = 18.37, Sigma_II = 45.30; seconds = 0.9

== (dc) POINTWISE_HAAR §1: Lemmas 1.1-1.3, Thm 1.4 Janson-type bound (exact enumeration) ==
dc Lemma 1.1 (250), Lemma 1.2 (52), Lemma 1.3 (51) exact on biased product spaces; Thm 1.4 on 346 systems satisfying lopsided LLL (158 with Delta > 0 (min (lhs - (mu - K Delta))/mu = 0.0065)); seconds = 10.0

== (dd) POINTWISE_OMEGA13: Lemma 3.1 Jacobi non-residue, Lemma 1.1 beta-weighted LLL ==
dd Lemma 3.1 (a), (b) on all 258644 atoms M <= 30000 (unit-square check M <= 1500); Lemma 1.1 on 355 systems meeting (1.1) (min P(Av)/exp(-(4/3) sum x) = 1.0014); seconds = 3.0

== (de) POINTWISE_TRANSFER §5.1: Lemma 5.1 (atoms, class of one, involution), (5.1), Lemma 5.0 ==
de Lemma 5.1 (i)-(iii) + identity (5.1) on 2925 moduli (m = 4..8, 11; M <= 3000); Lemma 5.0: all 798 Type II among 2921 solutions of m/p (m = 4..7, p <= 200) have the form (5.1); seconds = 1.3

== (df) EXCEPTIONAL_SPW §3: exact local certificate sigma <= 72/185 at N = 300, e = 630 ==
df SPW certificate at N = 300, e = 630: g in span (Phi_630, Phi_315, Phi_210 divisibility; control fails), sum_W g = 113/185, sum g+ = 185/185 => sigma <= 72/185 < 2/5; spw_local_cert.py re-derives 72/185 from the LP; seconds = 0.2

== (dg) POINTWISE_OMEGA14 §1: Lemma 1.1 planting (exact), toy LP thresholds ==
dg Lemma 1.1 planting: 45 exact instances (k = 0..3, n <= 8 + 3k): nu >= 0, nu(0) = 0, k-marginals fixed (control: (k+1)-marginals move); toy LP thresholds R = 1.111, 1.250, 2.514 (n, k) = (10,1), (10,2), (12,3), all below (1.1); seconds = 15.0

== (dh) POINTWISE_OMEGA15: Lemma 1.1 pseudorandomness (toy planted systems), Lemma 2.3 ==
dh Lemma 1.1: closed form = brute force on 40 instances; bound + zero (|I| <= k) on 215 reduced products (k = 0..2, worst ratio 3.03e-05); R57 toy systems: 40 trials (k in [0, 1], worst 1.27e-02); Lemma 2.3 (a),(b): 37 (Q, r, x, q) cases; seconds = 5.1

== (di) POINTWISE_OMEGA16 §6: W(133050918961) = 5935, least-p table, Buchstab compounding ==
di N2: W(133050918961) = 5935 (prime, 121 mod 840); least p = 1 (24) with W > 31/127/511/1023/2047: 2521/33289/2031121 (x3), exhaustive; N1 at u = 2, kappa = 1..3: ratios 0.965, 0.926, 0.958 (x = 10^7), 0.950, 0.910, 0.881 (10^8) (e^g w(2) = 0.891); seconds = 0.7

== (dj) EXCEPTIONAL_LARGESIEVE3: Thm 1.1 toy inequality, Thm 3.1, Lemma 4.1, Lemma 4.2 (-4 in R(M)) ==
dj Thm 1.1 core ratio <= 1 (author max 0.8668; R59 multi-rough/spiky ok, equality 1.000000); Thm 3.1 local bound, Lemma 4.1 (both scripts); Lemma 4.2: -4 in R(M), (16.1) solution exact on 2999 (M, n); seconds = 1.6

== (dk) EXCEPTIONAL_SPW2 §2: Lemma 2.2 near zone, Lemma 2.3 (sharp), RSPW LP rows ==
dk Lemma 2.2 (near zone) on 24 (N, C), Lemma 9.3 thresholds 3/2 (C = 2), 4 (C = 3/2); Lemma 2.3: 53 exact kernel dimensions (D <= 6), cyclotomic witnesses D <= 12, Phi(N//2) >= 3N+2 iff N >= 38 (N < 2000); RSPW LP eta (N, K) = (12, inf), (20, inf), (12, 1), (16, 1): 1.000, 0.955, 0.667, 0.667; seconds = 1.2

== (dl) CEILINGS_UNIFIED §4.4: exact toy LP thresholds (minorant / majorant) ==
dl n = 40, P = 2/4/6/8: least k with E B > 0 = 3/7/11/15, with saving >= 90% = 6/8/12/14 (exact dual simplex); primal = dual at 6 cases (e.g. P = 2, k = 3: E B = 3/400); seconds = 2.8

== (dm) POINTWISE_WINDOW3 §3, §8.1: certified one-window LP, 50-digit verified K = 2.5 fake ==
dm §3 one window: min nu(0)/tau = 0.48929 = dual bound (cert); §8.1 K = 2.5 fake verified (support 628, min nu/mu 0.0566, family excess -1.0e-03, 50 digits); seconds = 7.8

== (dn) EXCEPTIONAL_LARGESIEVE4: Lemma 1.1 damped-collision toys, Lemma 5.1, Cor 5.3 residue counts ==
dn Lemma 1.1 identity (6 author cases) and damped inequality (8 R62 toys, max R_p'/E_T R2 = 0.9984); Lemma 5.1 (max ratio 0.243), Lemma 2.1, Prop 4.1 toys; Lemma 3.2 (16226 (Q, v)); Cor 5.3 counts (R62 + 106 inline primes), named classes M < 4000; seconds = 5.9

== (do) EXCEPTIONAL_LARGESIEVE5: Lemma 1.2 rational labels, heights, compatibility ==
do Lemma 1.2: R67b brute force G <= 600 (6792 classes, 1444997 congruent distinct-label pairs, min H1H2/g = 1.0017 >= 1/2, low-height uniqueness ok); 37106 R(M) labels (M < 6000) exact; seconds = 3.0

== (dp) EXCEPTIONAL_LARGESIEVE6: Prop 4.2 Walsh bound, Thm 5.1 single rough prime (toys) ==
dp R71 exact toys: 34 supports, max |sigma^|/Prop 4.2 = 0.203, 16 singletons max |sigma^|/Thm 5.1 = 0.108 (sub-bounds ok); author MC toy: max exact/Prop 4.2 = 0.087, 42230 Lemma 4.1 pointwise checks; R71 Lemma 4.1 / 2.1 cube checks; seconds = 8.7

== (dq) POINTWISE_OMEGA17: Lemma 5.2 capped planting (exact) ==
dq Lemma 5.2: R68b exact planted laws (192 instances, marginals/positivity/nu(0) = 0, max dev/(s-1) = 1.000); closed-form bound on 390 inline odds vectors (max dev/(s-1) = 1.000); seconds = 1.0

== (dr) POINTWISE_TYPEI2: sign-point checkers (ck <= 10^6), Lemma 3.1, Prop 4.1 (r = 3 (8)) ==
dr C3.2 to ck <= 10^6: 1533438 slices, 0 certificates (author + R69 checkers; also w = -7, 25, 41 and r = 23, 31, 47), expected certificates found at w = 1, r = 11, 19; R69 definition engine ck <= 2000: none at w = 9, (14,2,15) at w = 1; Lemma 3.1: 10536 square (F, c, k) with v_r(c) odd excluded (F <= 20001, r = 7, 23, 31, 47), 2340 2-adic facts; Prop 4.1(i) identity for 571 primes r = 3 (8) < 20000; seconds = 3.2

== (ds) POINTWISE_MN: Lemma 1.1 Jacobi symbols of -mD mod M for several m ==
ds Lemma 1.1: author formula on all odd-M atoms M <= 5*10^4 (m = 4,5,6,7,10; 0 failures), square-consistent counts as stated; R63 for 11 m (M <= 3000); inline (d) on 73899 atoms, M = 7 (8) on 93189; 4 smallest examples; seconds = 10.7

== (dt) EXCEPTIONAL_LARGESIEVE7: Lemmas 1.1-1.2 (M < 2000), Prop 4.1 / 5.1 counterexamples (toy) ==
dt Lemmas 1.1-1.2: 9472 triples, M < 2000 (author + R73; H* bound on all, 16513 pinning checks); (167, 9) example H* = 13; R73 toy: 135 Prop 4.1 + 1218 Prop 5.1 instances; inline H*: 134 Prop 4.1, 64 Prop 5.1 instances; seconds = 6.0

== (du) POINTWISE_MN2: §4 exact hard densities delta_m(Q(q_0)) (m = 5, 6, 7) ==
du §4 table: author m = 5 (q_0 <= 17), m = 7 (q_0 = 8, 11); R74 exact fractions m = 5, 6; inline delta_5(Q(8)) = 1/4, delta_5(Q(9)) = 1/8, |H_5(840)| = 48/192; seconds = 0.5

== (dv) POINTWISE_TAIL: Lemma 3.1 leaf calculus on toy square-class processes ==
dv Lemma 3.1: R76 toy seed 0 (543 leaves); inline toy mod 21000, 16 hash rules, 1085 leaves (sum P = 1, P_proc = 4*2^k/phi(Q), disjoint, exact union); twist ratio within bound (T = 10^5); seconds = 9.0

== (dw) POINTWISE_TYPEI3: f-graded search at x^_9 (f < 10^8), Lemmas 1.1-1.2, §5 Vieta descent ==
dw R72 engine at x^_9, f < 10^8: 3571429 f, 0 certificates; engine = naive at 13 sign points (ck <= 3*10^5, f <= 3000); R72 Lemma 5.1 / Cor 5.2 / Props 5.3-5.5 scripts; inline L1.1 (i)-(iii) + L1.2 on 7 certificates (ck <= 3000, 4 sign points), L1.1 converse on 14 tuples, P5.4 mod 16, P5.5 mod 32 (4 level-6 indices); seconds = 15.5

== (dx) POINTWISE_MORDELL: Theorem 3.1 certificates (r = 13) in full, Computation 4.1 (reduced) ==
dx Thm 3.1: np cert mod 240240 (20 classes, 360 targets, exception 112561) and main cert mod 720720 (31 classes, 2160 targets, 6 exceptions) exact (s <= 4); 153 coordinates with coefficients >= 0; 2513 end-to-end prime solutions; (c) = {112561, 352801}; Comp 4.1: x* in no class M <= 3*10^4, no rigid II1/II2/I4 box at level | 11^2 13^2; seconds = 10.1

== (dy) EXCEPTIONAL_WEIGHTS: Lemma 3.2 (l <= 29 exhaustive), Lemma 3.1 chain, Thm 2.1 toy LPs ==
dy Lemma 3.2: 510064 sets F (l <= 29, all N), min ratio 21.33 >= 1; inline 5246 (F, N), l <= 13; Lemma 3.1 / Thm 3.3 chain ratios 2.09, 56.9; Selberg Phi_1, Phi_2; Thm 2.1 chain + Lemma 1.2 brackets on 10 toys; seconds = 3.2

== (dz) POINTWISE_MN3: Lemma 1.1 exact probabilities, Lemma 2.1 atoms, ET 3/5 product bound ==
dz Lemma 2.1: 422083 atoms (m = 5, M <= 10^5, R82), R(N) N <= 10; Lemma 1.1/4.1 exact on 4125 + 2174 atoms (R82); ET 3/5 bounds N <= 1000 (m = 5, 7; R82); inline 155665 atoms (m = 5, 6, 7, M <= 2*10^4): L2.1 identities, m/N identity, e f (cd)^2 ac <= (10/3) N^3; seconds = 3.6

== (ea) POINTWISE_MORDELL17: Lemma 1.3, Comp 3.1 (levels <= 3), Lemmas 5.1-5.2, §6 (a,b) char ==
ea data counts Q/U k <= 5, P K <= 6 (R83 enumerator); Comp 3.1 levels <= 3: 0.235294, 0.314879 in C_5, C_7 (R83 union; u = 5, 7 uncovered; brute M <= 3*10^4 complete); Lemma 1.3 on 320 Q data + 41 brute (a,d,m); Lemma 5.1 on Q and 155 P data; Lemma 5.2 on 382 U data (84 in-cell); (a,b) char K = 1,3,5; seconds = 5.6

== (eb) POINTWISE_TYPEI4: Comp 3.4 sub-range (R89 engine), Prop 1.2/Cor 1.4, example, Prop 4.1, Lemma 3.6 ==
eb jsearch (R89) L = 7..22, b <= 1 and L = 7..10, b <= 3: 18 fibre certificates, pattern and F values of Comp 3.4, none at x^_9 (R89 verify); Prop 1.2 (+converse), Cor 1.4, Rem 1.6, L3.1(iii) on all; R89 brute force 2 certs 0 fails; example (42,32,71); Prop 4.1 levels [11, 13, 14, 16, 18, 19, 20, 21, 22]; Lemma 3.6 sympy + R89 script, j = 1: 450 quadratics (b < 30), 11436 direct (3.1) cases (b <= 5), no solution; seconds = 28.7

== (ec) EXCEPTIONAL_WEIGHTS2: Prop 5.3 premise (QNR, Jacobi), §6 prime-slice mass ==
ec R90 slices: QNR l <= 3000, Jacobi M <= 300, mass Y <= 10^5 reproduced; inline (u,v) definition: 3239 classes QNR (l <= 2000), 403 classes Jacobi -1 (43 composite M <= 300), S(Y)/(log Y)^2 = 0.1308, 0.1258, 0.1237, 0.1224; seconds = 0.6

== (ed) POINTWISE_MORDELL13B: Thm 3.1 (x* in II3 (8,33,11999), I2 (125,88,11999)), Lemmas 1.1-2.4 ==
ed R95 Thm 3.1 + Lemma 1.1/1.2 (100 random P per family) + Lemmas 2.1-2.4 (200) OK; author check_hit OK; inline: x* in II3 (8,33,11999) mod 12670944 (res 12650497) and I2 (125,88,11999) mod 527956000; exact solutions at 5 class members each; p = 12650497 prime; Lemma 2.1: 4/1859 with j = 3; seconds = 4.5

== (ee) EXCEPTIONAL_MN: Lemma 1.1 identity, Lemma 2.1 (S_m, h_m), toy fibre mass 1/m ==
ee author identity/h_m/mass + R94A/R94B lemmas OK; toy mass m*mu in [1.185, 1.364], phi(m)*mu in [0.395, 1.239] (1/m scaling, EVIDENCE); inline Lemma 1.1: 939 identities; Lemma 2.1(a),(b) m = 4..40; seconds = 11.2

== (ef) POINTWISE_TYPEI5: Lemma 1.1 (minimal solution), Lemma 3.2 (H)/(Lin), L = 7 regime/engine check ==
ef R92 Lehmer/index/constructed + author Lehmer OK; inline Lemma 1.1: 28 systems, 7 7-power solutions all minimal; (H), (Lin), R(iii) identities OK; regimes (ii),(iii) at L = 7: 0; R92 engine L = 7, b <= 3: 0 certificates; controls (11,0),(13,1),(14,0),(16,0) = 1,1,2,3; seconds = 2.2

== (eg) POINTWISE_MORDELL17B: Lemma 2.1 enumerator vs naive (K = 5, 7), rho_1/rho_2 exact unions, Thm 4.1 table ==
eg Lemma 2.1 enumerator = R93 naive scan = stored data at K = 5, 7 (121, 258 data); sha256 OK; level-7 data valid, two engines agree (1052 Q, 626 U boxes); rho_0 = 56561/83521, rho_1 = 16344335/24137569, rho_2 = 961421/1419857 (author + R93 unions); tail tables floor-rounded (theta = 0.4: C* = 1.4097962, C = 1.41 inadmissible); seconds = 10.9

== (eh) POINTWISE_MORDELL13C: Thm 6.1 tree (R100 checker, full), §2 witness engine (L = 840, 9240), Comp 3.1 ==
eh tree: 6000 splits, 136494 covered / 35459 open leaves, 2140 ET classes, 0 errors, mean open density 8.4241e-05; identities, split primes, open moduli, roots, 4 negative controls OK; witness engine = R100 brute force at L = 840, 9240; Comp 3.1: 0 data at lam = 11^4 13^4 (control lam = 143: 34); seconds = 25.4

== (ei) POINTWISE_MORDELL17C: Lemma 1.1 (Abel summation, cumulative table), Lemma 2.1 brute force, Cor 2.2 ==
ei Abel summation exact (both weights); cumulative/pointwise tables (24 entries) = author = R98b, floor-rounded vs closed form; S_P(13) = 1463 OK; Lemma 2.1 brute force F = 17, 4913, 1001, 9999: 2, 73, 10, 179 points, max per (a,d) 1, 1, 1, 2; sweep F <= 1500: 27919 points, 0 failures; Cor 2.2 cost = 4.22545e-03; seconds = 2.4

== (ej) POINTWISE_TYPEI6: Lemma 1.1 identities, Remark 1.2 regime-(v) control, Comp 4.1 at L = 7, b <= 4 ==
ej R99 symbolic Lemma 1.1/1.3/3.1/Prop 2.1 OK; inline Lemma 1.1(a)-(c) on both certificates; Remark 1.2: j, lambda, sigma = 291, 86582, 48344 (regime (v)); Comp 4.1 L = 7, b <= 4: 0 solutions in both engines, candidates 1, 5, 12, 56, 201 (equal); controls (13,1) [both] and relaxed (7,293) [R99] found in regime (v); seconds = 14.9

== (ek) EXCEPTIONAL_MN2: exact scanner vs from-scratch brute force, §1 small cases, L_1/2(60) ==
ek scanner = R102B brute force on 6617 (m, p) pairs (2602 exceptional); R102A = R102B on m = 12, 40, 60; R102A §1 identities OK; L_1/2(60) = 7.636 (ratio 1.950; scanner agrees on the grid); seconds = 1.0

== (el) EXCEPTIONAL_MN3: Prop 2.3 inputs + numerics, §3 brute force, exponent table, exact areas ==
el Prop 2.3 pointwise inputs (R108: odd m0 <= 400, k <= 40, a <= 12; rho(2^j) <= 4): 0 failures; 6 R108 sum rows replayed; §2.6 ratio in [0.81, 1.11] (phi(k)/k in [0.19, 0.50]); §3 R108 brute force on 40 primes: identities 0 failures, f_I <= 2 sum w_c; Prop 3.3 exponent table exact, R_bad(eta) characterisation (eta = 0, 1/20); areas exact: slice 1, R_bad 1/6, R** 7/72; seconds = 10.3

== (em) EXCEPTIONAL_TYPEI_LOGLOG: Lemmas 2.1-2.2 (R111), O112 §8.0 identities (reduced), Lemmas 6.1/6.3 local ==
em Lemma 2.1 exact + Lemma 2.2 (cosh >= 3/2, attained; Type I >= 3) on all F_d pairs d <= 30, A <= 40 (R111) and author's 9 levels (min cosh 3); parity group invariance OK; O112 §8.0 identities on 13450 tuples + e/f-cusp densities OK; Lemma 6.1 transitivity / quadric size / g formulas (l <= 23); Lemma 6.3 r(d) bound d <= 150; seconds = 26.5

== (en) POINTWISE_MORDELL13D: C witness engine vs complete Python engine (L = 9240, 10920; all/first/req) ==
en m13d_wit.c = m13c_witness.witness_all on every unit mod 9240, 10920 (113942, 132276 incidences; 34, 40 units without witness); all witnesses valid; first mode consistent; req = 13 mode exact (26424); seconds = 5.5

all checks passed
EXIT 0
