23 0 1 2031 13 9 1 19 4013255 42910967 4 8 OK
23 0 1 3 3 29127 13 3921 282311 38373823223 4 8 OK
23 0 1 27 1 9709 13 1307 282311 38373823223 4 8 OK
23 0 1 19 1 13797 5 4829 734007 141780251271 6 4 OK
23 0 1 5 1 52429 19 4829 193159 141780792119 4 6 OK
23 0 1 13 1 20165 27 1307 135927 38373969607 8 4 OK
24 0 1 5 9 11661 6803 3 1079 19591559 6 4 OK
24 0 1 45 3 3887 6803 1 1079 19591559 6 4 OK
24 1 1 11 823 397 5069 1 72423 3496151 4 5 OK
25 0 1 154527 5 1 1 3 18543239 70464311 4 6 OK
25 0 1 95 3 3679 1 6439 14680919 252066502759 5 4 OK
25 0 1 23 5 9121 5321 3 2759 70489847 4 8 OK
25 1 1 1 1703 4293 53015 1 13623 3379335 6 4 OK
25 1 1 23 9 35459 1 434375 719324999 277738655674999 4 7 OK
26 0 1 3 2343 131 5 163 9165815 16340423 10 4 OK
26 0 1 3 33 21181 5 7415 5872679 52777063319 4 5 OK
26 0 1 17 5 24673 1167 37 25159 1738188663 4 7 OK
L=7 b=0 hits=0
L=7 b=1 hits=0
L=7 b=2 hits=0
L=7 b=3 hits=0
L=7 b=4 hits=0
L=7 b=5 hits=0
L=7 b=6 hits=0
L=7 b=7 hits=0
L=8 b=0 hits=0
L=8 b=1 hits=0
L=8 b=2 hits=0
L=8 b=3 hits=0
L=8 b=4 hits=0
L=8 b=5 hits=0
L=8 b=6 hits=0
L=8 b=7 hits=0
L=9 b=0 hits=0
L=9 b=1 hits=0
L=9 b=2 hits=0
L=9 b=3 hits=0
L=9 b=4 hits=0
L=9 b=5 hits=0
L=9 b=6 hits=0
L=9 b=7 hits=0
L=10 b=0 hits=0
L=10 b=1 hits=0
L=10 b=2 hits=0
L=10 b=3 hits=0
L=10 b=4 hits=0
L=10 b=5 hits=0
L=10 b=6 hits=0
L=10 b=7 hits=0
L=23 b=0 hits=6
L=23 b=1 hits=0
L=24 b=0 hits=2
L=24 b=1 hits=1
L=25 b=0 hits=3
L=25 b=1 hits=2
L=26 b=0 hits=3
L=26 b=1 hits=0
L=23 b=2 hits=0
L=24 b=2 hits=0
