11 0 1 3 3 7 13 1 71 2423 4 7 OK
13 1 1 79 19 1 1 17 204135 1257047 4 5 OK
14 0 1 101 1 5 3 3 2423 172103 7 4 OK
14 0 1 3 1 173 101 3 71 174455 4 7 OK
14 3 1 5 31 1133 3 226697 281104279 49335587512359 5 4 OK
16 0 1 23 29 1 9 1 5335 7911 5 4 OK
16 0 1 3 79 3 5 5 9479 14519 4 6 OK
16 0 1 5 31 11 3 9 11159 66599 5 4 OK
18 0 1 1 41 197 71 5 1639 111959 4 5 OK
18 1 1 4687 11 1 1 15 6186839 61305959 5 4 OK
19 0 1 43 1 381 29 23 7911 42210519 4 5 OK
19 0 1 29 1 565 43 23 5335 42213095 5 4 OK
20 0 1 1307 13 1 5 1 135927 282311 8 4 OK
20 0 1 4829 5 1 3 1 193159 734007 4 6 OK
20 0 1 37 3 295 11 47 41735 57498295 4 6 OK
20 0 1 3 9 1213 5 425 91799 173308199 5 4 OK
21 0 1 1 37 1769 207 15 4439 2976359 5 4 OK
22 1 1 3 2753 83 341 5 330359 1306439 7 4 OK
22 1 1 3 2431 101 5 369 21528935 109185623 4 5 OK
L=11 b=0 hits=1
L=11 b=1 hits=0
L=11 b=2 hits=0
L=11 b=3 hits=0
L=12 b=0 hits=0
L=12 b=1 hits=0
L=12 b=2 hits=0
L=12 b=3 hits=0
L=13 b=0 hits=0
L=13 b=1 hits=1
L=13 b=2 hits=0
L=13 b=3 hits=0
L=14 b=0 hits=2
L=14 b=1 hits=0
L=14 b=2 hits=0
L=14 b=3 hits=1
L=15 b=0 hits=0
L=15 b=1 hits=0
L=15 b=2 hits=0
L=15 b=3 hits=0
L=16 b=0 hits=3
L=16 b=1 hits=0
L=16 b=2 hits=0
L=16 b=3 hits=0
L=17 b=0 hits=0
L=17 b=1 hits=0
L=17 b=2 hits=0
L=17 b=3 hits=0
L=18 b=0 hits=1
L=18 b=1 hits=1
L=18 b=2 hits=0
L=18 b=3 hits=0
L=19 b=0 hits=2
L=19 b=1 hits=0
L=19 b=2 hits=0
L=19 b=3 hits=0
L=20 b=0 hits=4
L=20 b=1 hits=0
L=20 b=2 hits=0
L=20 b=3 hits=0
L=21 b=0 hits=1
L=21 b=1 hits=0
L=21 b=2 hits=0
L=21 b=3 hits=0
L=22 b=0 hits=0
L=22 b=1 hits=2
L=22 b=2 hits=0
L=22 b=3 hits=0
