\BOOKMARK [1][-]{section.1}{\376\377\0001\000.\000\040\000I\000n\000t\000r\000o\000d\000u\000c\000t\000i\000o\000n\000\040\000a\000n\000d\000\040\000s\000t\000a\000t\000e\000m\000e\000n\000t\000\040\000m\000a\000p}{}% 1
\BOOKMARK [1][-]{section.2}{\376\377\0002\000.\000\040\000N\000o\000t\000a\000t\000i\000o\000n\000\040\000a\000n\000d\000\040\000e\000l\000e\000m\000e\000n\000t\000a\000r\000y\000\040\000t\000o\000o\000l\000s}{}% 2
\BOOKMARK [1][-]{section.3}{\376\377\0003\000.\000\040\000C\000r\000i\000t\000e\000r\000i\000o\000n\000\040\000a\000n\000d\000\040\000i\000d\000e\000n\000t\000i\000t\000y\000\040\000f\000a\000m\000i\000l\000i\000e\000s}{}% 3
\BOOKMARK [2][-]{subsection.3.1}{\376\377\0003\000.\0001\000.\000\040\000A\000\040\000t\000w\000o\000-\000t\000e\000r\000m\000\040\000l\000e\000m\000m\000a\000\040\000a\000n\000d\000\040\000t\000h\000e\000\040\000c\000o\000m\000p\000l\000e\000t\000e\000\040\000p\000r\000i\000m\000e\000\040\000c\000r\000i\000t\000e\000r\000i\000o\000n}{section.3}% 4
\BOOKMARK [2][-]{subsection.3.2}{\376\377\0003\000.\0002\000.\000\040\000F\000o\000r\000c\000e\000d\000\040\000i\000d\000e\000n\000t\000i\000t\000i\000e\000s}{section.3}% 5
\BOOKMARK [1][-]{section.4}{\376\377\0004\000.\000\040\000T\000h\000e\000\040\000c\000o\000m\000p\000l\000e\000t\000e\000\040\000i\000n\000t\000r\000i\000n\000s\000i\000c\000\040\000s\000y\000s\000t\000e\000m}{}% 6
\BOOKMARK [2][-]{subsection.4.1}{\376\377\0004\000.\0001\000.\000\040\000S\000h\000i\000f\000t\000e\000d\000-\000d\000i\000v\000i\000s\000o\000r\000\040\000f\000o\000r\000m}{section.4}% 7
\BOOKMARK [1][-]{section.5}{\376\377\0005\000.\000\040\000S\000q\000u\000a\000r\000e\000s\000\040\000a\000n\000d\000\040\000t\000h\000e\000\040\000p\000r\000i\000m\000e\000\040\000s\000l\000i\000c\000e}{}% 8
\BOOKMARK [2][-]{subsection.5.1}{\376\377\0005\000.\0001\000.\000\040\000T\000h\000e\000\040\000s\000q\000u\000a\000r\000e\000-\000c\000l\000a\000s\000s\000\040\000p\000h\000e\000n\000o\000m\000e\000n\000o\000n}{section.5}% 9
\BOOKMARK [2][-]{subsection.5.2}{\376\377\0005\000.\0002\000.\000\040\000H\000a\000r\000v\000e\000s\000t\000i\000n\000g\000\040\000p\000r\000i\000m\000e\000\040\000c\000l\000a\000s\000s\000e\000s}{section.5}% 10
\BOOKMARK [2][-]{subsection.5.3}{\376\377\0005\000.\0003\000.\000\040\000A\000\040\000g\000r\000o\000w\000i\000n\000g\000\040\000m\000u\000l\000t\000i\000-\000s\000h\000i\000f\000t\000\040\000c\000e\000r\000t\000i\000f\000i\000c\000a\000t\000e}{section.5}% 11
\BOOKMARK [1][-]{section.6}{\376\377\0006\000.\000\040\000T\000h\000e\000\040\000c\000u\000b\000i\000c\000-\000m\000a\000s\000s\000\040\000h\000y\000p\000o\000t\000h\000e\000s\000i\000s\000\040\000a\000n\000d\000\040\000i\000t\000s\000\040\000c\000o\000n\000d\000i\000t\000i\000o\000n\000a\000l\000\040\000c\000o\000n\000s\000e\000q\000u\000e\000n\000c\000e}{}% 12
\BOOKMARK [1][-]{section.7}{\376\377\0007\000.\000\040\000R\000o\000u\000g\000h\000\040\000m\000o\000d\000u\000l\000i\000\040\000a\000n\000d\000\040\000r\000e\000f\000u\000t\000a\000t\000i\000o\000n\000\040\000o\000f\000\040\000H\000-\000P\000F}{}% 13
\BOOKMARK [1][-]{section.8}{\376\377\0008\000.\000\040\000T\000h\000e\000\040\000c\000r\000i\000t\000i\000c\000a\000l\000\040\000w\000i\000n\000d\000o\000w\000\040\000a\000n\000d\000\040\000t\000r\000a\000n\000s\000f\000e\000r\000\040\000w\000a\000l\000l\000s}{}% 14
\BOOKMARK [2][-]{subsection.8.1}{\376\377\0008\000.\0001\000.\000\040\000C\000y\000l\000i\000n\000d\000e\000r\000\040\000a\000n\000d\000\040\000t\000e\000n\000s\000o\000r\000\040\000o\000b\000s\000t\000r\000u\000c\000t\000i\000o\000n\000s}{section.8}% 15
\BOOKMARK [2][-]{subsection.8.2}{\376\377\0008\000.\0002\000.\000\040\000T\000h\000e\000\040\000c\000o\000r\000r\000e\000c\000t\000e\000d\000\040\000f\000i\000n\000i\000t\000e\000-\000t\000r\000a\000n\000s\000f\000e\000r\000\040\000c\000r\000i\000t\000e\000r\000i\000o\000n}{section.8}% 16
\BOOKMARK [2][-]{subsection.8.3}{\376\377\0008\000.\0003\000.\000\040\000T\000h\000e\000\040\000p\000r\000i\000m\000e\000\040\000s\000i\000d\000e\000\040\000t\000r\000a\000n\000s\000f\000e\000r\000s}{section.8}% 17
\BOOKMARK [2][-]{subsection.8.4}{\376\377\0008\000.\0004\000.\000\040\000T\000h\000e\000\040\000c\000o\000m\000p\000o\000s\000i\000t\000e\000\040\000f\000r\000o\000n\000t\000i\000e\000r}{section.8}% 18
\BOOKMARK [2][-]{subsection.8.5}{\376\377\0008\000.\0005\000.\000\040\000N\000e\000s\000t\000e\000d\000\040\000i\000m\000p\000l\000i\000c\000a\000t\000i\000o\000n\000\040\000a\000n\000d\000\040\000t\000h\000e\000\040\000t\000w\000o\000\040\000h\000i\000e\000r\000a\000r\000c\000h\000y\000\040\000r\000e\000f\000u\000t\000a\000t\000i\000o\000n\000s}{section.8}% 19
\BOOKMARK [2][-]{subsection.8.6}{\376\377\0008\000.\0006\000.\000\040\000T\000h\000e\000\040\000i\000m\000p\000l\000i\000c\000a\000t\000i\000o\000n\000\040\000a\000n\000t\000i\000c\000h\000a\000i\000n\000\040\000a\000n\000d\000\040\000t\000h\000e\000\040\000s\000e\000m\000i\000p\000r\000i\000m\000e\000\040\000g\000r\000i\000d}{section.8}% 20
\BOOKMARK [1][-]{section.9}{\376\377\0009\000.\000\040\000P\000r\000o\000v\000i\000s\000i\000o\000n\000a\000l\000\040\000r\000e\000c\000o\000r\000d\000\040\000c\000o\000n\000t\000e\000x\000t}{}% 21
\BOOKMARK [2][-]{subsection.9.1}{\376\377\0009\000.\0001\000.\000\040\000T\000h\000e\000\040\000p\000r\000o\000v\000i\000s\000i\000o\000n\000a\000l\000\040\000e\000x\000c\000e\000p\000t\000i\000o\000n\000a\000l\000-\000s\000e\000t\000\040\000r\000e\000c\000o\000r\000d}{section.9}% 22
\BOOKMARK [2][-]{subsection.9.2}{\376\377\0009\000.\0002\000.\000\040\000T\000h\000e\000\040\000p\000r\000u\000n\000e\000d\000\040\000c\000u\000b\000i\000c\000\040\000p\000r\000i\000m\000e\000\040\000s\000l\000i\000c\000e}{section.9}% 23
\BOOKMARK [1][-]{section.10}{\376\377\0001\0000\000.\000\040\000T\000h\000e\000\040\000f\000i\000x\000e\000d\000-\000c\000-\000f\000r\000e\000e\000\040\000c\000r\000i\000t\000i\000c\000a\000l\000-\000w\000i\000n\000d\000o\000w\000\040\000a\000s\000s\000e\000m\000b\000l\000y}{}% 24
\BOOKMARK [2][-]{subsection.10.1}{\376\377\0001\0000\000.\0001\000.\000\040\000R\000e\000m\000o\000v\000i\000n\000g\000\040\000t\000h\000e\000\040\000m\000o\000v\000i\000n\000g\000\040\000f\000i\000b\000r\000e\000\040\000a\000n\000d\000\040\000d\000e\000d\000u\000p\000l\000i\000c\000a\000t\000i\000n\000g\000\040\000t\000h\000e\000\040\000a\000t\000o\000m\000s}{section.10}% 25
\BOOKMARK [2][-]{subsection.10.2}{\376\377\0001\0000\000.\0002\000.\000\040\000E\000x\000a\000c\000t\000\040\000m\000a\000s\000s\000\040\000p\000r\000o\000f\000i\000l\000e\000s}{section.10}% 26
\BOOKMARK [2][-]{subsection.10.3}{\376\377\0001\0000\000.\0003\000.\000\040\000C\000o\000l\000l\000a\000p\000s\000e\000\040\000v\000e\000r\000s\000u\000s\000\040\000c\000o\000n\000s\000i\000s\000t\000e\000n\000c\000y}{section.10}% 27
\BOOKMARK [2][-]{subsection.10.4}{\376\377\0001\0000\000.\0004\000.\000\040\000T\000h\000e\000\040\000C\000R\000T\000\040\000v\000o\000i\000d\000\040\000w\000i\000t\000h\000o\000u\000t\000\040\000p\000a\000r\000t\000i\000t\000i\000o\000n\000i\000n\000g\000\040\000b\000y\000\040\000a\000l\000l\000\040\000o\000f\000\040\000M\0000}{section.10}% 28
\BOOKMARK [2][-]{subsection.10.5}{\376\377\0001\0000\000.\0005\000.\000\040\000A\000\040\000l\000o\000w\000-\000d\000e\000g\000r\000e\000e\000\040\000m\000a\000j\000o\000r\000a\000n\000t\000\040\000w\000i\000t\000h\000\040\000t\000h\000e\000\040\000h\000o\000n\000e\000s\000t\000\040\000l\000e\000d\000g\000e\000r}{section.10}% 29
\BOOKMARK [2][-]{subsection.10.6}{\376\377\0001\0000\000.\0006\000.\000\040\000E\000x\000c\000e\000p\000t\000i\000o\000n\000a\000l\000\040\000d\000e\000n\000o\000m\000i\000n\000a\000t\000o\000r\000s}{section.10}% 30
\BOOKMARK [2][-]{subsection.10.7}{\376\377\0001\0000\000.\0007\000.\000\040\000R\000e\000m\000a\000r\000k\000s\000\040\000o\000n\000\040\000v\000e\000r\000i\000f\000i\000c\000a\000t\000i\000o\000n\000\040\000s\000t\000a\000t\000u\000s}{section.10}% 31
\BOOKMARK [2][-]{subsection.10.8}{\376\377\0001\0000\000.\0008\000.\000\040\000I\000n\000t\000e\000r\000n\000a\000l\000\040\000v\000e\000r\000i\000f\000i\000c\000a\000t\000i\000o\000n\000\040\000p\000e\000d\000i\000g\000r\000e\000e}{section.10}% 32
\BOOKMARK [1][-]{section.11}{\376\377\0001\0001\000.\000\040\000G\000e\000n\000e\000r\000a\000l\000\040\000n\000u\000m\000e\000r\000a\000t\000o\000r\000s}{}% 33
\BOOKMARK [2][-]{subsection.11.1}{\376\377\0001\0001\000.\0001\000.\000\040\000T\000h\000e\000\040\000i\000d\000e\000n\000t\000i\000t\000y\000\040\000a\000n\000d\000\040\000t\000h\000e\000\040\000f\000i\000r\000s\000t\000\040\000e\000x\000c\000e\000p\000t\000i\000o\000n\000a\000l\000-\000s\000e\000t\000\040\000l\000a\000y\000e\000r}{section.11}% 34
\BOOKMARK [2][-]{subsection.11.2}{\376\377\0001\0001\000.\0002\000.\000\040\000T\000h\000e\000\040\000p\000r\000o\000v\000i\000s\000i\000o\000n\000a\000l\000\040\000c\000u\000b\000i\000c\000\040\000t\000r\000a\000n\000s\000f\000e\000r}{section.11}% 35
\BOOKMARK [2][-]{subsection.11.3}{\376\377\0001\0001\000.\0003\000.\000\040\000P\000o\000m\000e\000r\000a\000n\000c\000e\040\023\000W\000e\000i\000n\000g\000a\000r\000t\000n\000e\000r\000\040\000c\000o\000m\000p\000a\000r\000i\000s\000o\000n}{section.11}% 36
\BOOKMARK [2][-]{subsection.11.4}{\376\377\0001\0001\000.\0004\000.\000\040\000T\000h\000e\000\040\000a\000t\000t\000e\000s\000t\000e\000d\000-\000b\000l\000i\000n\000d\000\040\000t\000h\000i\000n\000n\000e\000d\000\040\000w\000i\000n\000d\000o\000w}{section.11}% 37
\BOOKMARK [1][-]{section.12}{\376\377\0001\0002\000.\000\040\000P\000o\000i\000n\000t\000w\000i\000s\000e\000\040\000T\000y\000p\000e\000-\000I\000\040\000s\000l\000i\000c\000e\000s}{}% 38
\BOOKMARK [2][-]{subsection.12.1}{\376\377\0001\0002\000.\0001\000.\000\040\000E\000x\000a\000c\000t\000\040\000v\000a\000n\000i\000s\000h\000i\000n\000g\000\040\000a\000n\000d\000\040\000f\000i\000n\000i\000t\000e\000\040\000c\000o\000n\000s\000p\000i\000r\000a\000c\000i\000e\000s}{section.12}% 39
\BOOKMARK [2][-]{subsection.12.2}{\376\377\0001\0002\000.\0002\000.\000\040\000F\000i\000x\000e\000d\000\040\000d\000i\000v\000i\000s\000o\000r\000s\000,\000\040\000r\000e\000s\000i\000d\000u\000e\000-\000o\000n\000e\000\040\000e\000s\000c\000a\000p\000e\000,\000\040\000a\000n\000d\000\040\000d\000e\000p\000t\000h}{section.12}% 40
\BOOKMARK [1][-]{section.13}{\376\377\0001\0003\000.\000\040\000C\000o\000n\000d\000i\000t\000i\000o\000n\000a\000l\000\040\000p\000o\000i\000n\000t\000w\000i\000s\000e\000\040\000r\000o\000u\000t\000e\000s\000\040\000t\000h\000r\000o\000u\000g\000h\000\040\000t\000h\000e\000\040\000s\000l\000i\000c\000e\000\040\000f\000r\000a\000m\000e}{}% 41
\BOOKMARK [2][-]{subsection.13.1}{\376\377\0001\0003\000.\0001\000.\000\040\000T\000h\000e\000\040\000g\000o\000o\000d\000\040\000p\000r\000i\000m\000e\000-\000f\000a\000c\000t\000o\000r\000\040\000c\000l\000a\000s\000s\000\040\000a\000n\000d\000\040\000e\000x\000a\000c\000t\000\040\000r\000e\000d\000u\000c\000t\000i\000o\000n}{section.13}% 42
\BOOKMARK [2][-]{subsection.13.2}{\376\377\0001\0003\000.\0002\000.\000\040\000P\000r\000i\000m\000e\000\040\000v\000a\000l\000u\000e\000s\000,\000\040\000b\000o\000u\000n\000d\000e\000d\000\040\000c\000o\000r\000e\000s\000,\000\040\000a\000n\000d\000\040\000l\000e\000a\000s\000t\000\040\000n\000o\000n\000r\000e\000s\000i\000d\000u\000e\000s}{section.13}% 43
\BOOKMARK [2][-]{subsection.13.3}{\376\377\0001\0003\000.\0003\000.\000\040\000T\000h\000e\000\040\000G\000R\000H\000/\000C\000h\000e\000b\000o\000t\000a\000r\000e\000v\000\040\000c\000o\000m\000p\000o\000s\000i\000t\000u\000m\000\040\000w\000a\000l\000l}{section.13}% 44
\BOOKMARK [2][-]{subsection.13.4}{\376\377\0001\0003\000.\0004\000.\000\040\000T\000h\000e\000\040\000e\000x\000a\000c\000t\000\040\000g\000e\000n\000u\000s\000\040\000p\000a\000i\000r\000i\000n\000g\000\040\000a\000n\000d\000\040\000t\000h\000e\000\040\000D\000u\000k\000e\000\040\000w\000a\000l\000l}{section.13}% 45
\BOOKMARK [2][-]{subsection.13.5}{\376\377\0001\0003\000.\0005\000.\000\040\000C\000o\000n\000d\000i\000t\000i\000o\000n\000a\000l\000\040\000f\000r\000o\000n\000t\000i\000e\000r\000\040\000a\000n\000d\000\040\000c\000e\000n\000s\000u\000s}{section.13}% 46
\BOOKMARK [1][-]{section.14}{\376\377\0001\0004\000.\000\040\000W\000i\000t\000n\000e\000s\000s\000-\000m\000o\000d\000u\000l\000u\000s\000\040\000t\000a\000i\000l\000s\000\040\000a\000n\000d\000\040\000t\000h\000e\000\040\000e\000f\000f\000e\000c\000t\000i\000v\000i\000t\000y\000\040\000r\000e\000p\000a\000i\000r}{}% 47
\BOOKMARK [2][-]{subsection.14.1}{\376\377\0001\0004\000.\0001\000.\000\040\000P\000a\000r\000a\000m\000e\000t\000e\000r\000i\000z\000e\000d\000\040\000t\000r\000u\000n\000c\000a\000t\000i\000o\000n\000\040\000a\000n\000d\000\040\000t\000h\000e\000\040\000m\000a\000s\000t\000e\000r\000\040\000t\000a\000i\000l}{section.14}% 48
\BOOKMARK [2][-]{subsection.14.2}{\376\377\0001\0004\000.\0002\000.\000\040\000E\000f\000f\000e\000c\000t\000i\000v\000e\000\040\000c\000l\000a\000s\000s\000\040\000s\000u\000p\000p\000l\000y\000\040\000a\000w\000a\000y\000\040\000f\000r\000o\000m\000\040\000o\000n\000e\000\040\000c\000o\000n\000d\000u\000c\000t\000o\000r}{section.14}% 49
\BOOKMARK [2][-]{subsection.14.3}{\376\377\0001\0004\000.\0003\000.\000\040\000P\000o\000m\000e\000r\000a\000n\000c\000e\040\023\000W\000e\000i\000n\000g\000a\000r\000t\000n\000e\000r\000,\000\040\000p\000r\000i\000o\000r\000i\000t\000y\000,\000\040\000a\000n\000d\000\040\000b\000l\000i\000n\000d\000\040\000a\000d\000j\000u\000d\000i\000c\000a\000t\000i\000o\000n}{section.14}% 50
\BOOKMARK [1][-]{section.15}{\376\377\0001\0005\000.\000\040\000P\000e\000r\000-\000s\000l\000i\000c\000e\000\040\000v\000a\000n\000i\000s\000h\000i\000n\000g\000\040\000f\000r\000e\000q\000u\000e\000n\000c\000y\000\040\000a\000n\000d\000\040\000t\000h\000e\000\040\000e\000m\000p\000t\000y\000\040\000t\000h\000i\000r\000d\000\040\000l\000a\000y\000e\000r}{}% 51
\BOOKMARK [2][-]{subsection.15.1}{\376\377\0001\0005\000.\0001\000.\000\040\000T\000h\000e\000\040\000f\000i\000x\000e\000d\000-\000s\000l\000i\000c\000e\000\040\000s\000i\000e\000v\000e}{section.15}% 52
\BOOKMARK [2][-]{subsection.15.2}{\376\377\0001\0005\000.\0002\000.\000\040\000F\000i\000n\000i\000t\000e\000\040\000r\000e\000s\000i\000d\000u\000a\000l\000\040\000s\000t\000r\000u\000c\000t\000u\000r\000e\000\040\000a\000n\000d\000\040\000i\000t\000s\000\040\000l\000i\000m\000i\000t\000s}{section.15}% 53
\BOOKMARK [1][-]{section.16}{\376\377\0001\0006\000.\000\040\000T\000h\000e\000\040\000s\000t\000a\000c\000k\000e\000d\000\040\000s\000l\000i\000c\000e\000\040\000s\000i\000e\000v\000e\000\040\000a\000n\000d\000\040\000a\000l\000m\000o\000s\000t\000-\000a\000l\000l\000\040\000H\000S\000P\000F}{}% 54
\BOOKMARK [2][-]{subsection.16.1}{\376\377\0001\0006\000.\0001\000.\000\040\000D\000u\000p\000l\000i\000c\000a\000t\000e\000-\000r\000a\000d\000i\000c\000a\000n\000d\000\040\000g\000e\000o\000m\000e\000t\000r\000y\000\040\000a\000n\000d\000\040\000t\000h\000e\000\040\000f\000i\000x\000e\000d\000\040\000s\000t\000a\000c\000k}{section.16}% 55
\BOOKMARK [2][-]{subsection.16.2}{\376\377\0001\0006\000.\0002\000.\000\040\000E\000x\000a\000c\000t\000\040\000g\000e\000n\000u\000s\000\040\000b\000i\000t\000s\000\040\000a\000n\000d\000\040\000d\000e\000t\000e\000r\000m\000i\000n\000i\000s\000t\000i\000c\000\040\000p\000e\000r\000m\000i\000s\000s\000i\000o\000n\000\040\000m\000a\000s\000s}{section.16}% 56
\BOOKMARK [2][-]{subsection.16.3}{\376\377\0001\0006\000.\0003\000.\000\040\000T\000h\000e\000\040\000e\000f\000f\000e\000c\000t\000i\000v\000e\000\040\000g\000r\000o\000w\000i\000n\000g\000\040\000s\000t\000a\000c\000k}{section.16}% 57
\BOOKMARK [2][-]{subsection.16.4}{\376\377\0001\0006\000.\0004\000.\000\040\000T\000h\000e\000\040\000g\000e\000n\000u\000s\000-\000p\000e\000r\000m\000i\000s\000s\000i\000o\000n\000\040\000a\000s\000y\000m\000m\000e\000t\000r\000y}{section.16}% 58
\BOOKMARK [1][-]{section.17}{\376\377\0001\0007\000.\000\040\000T\000h\000e\000\040\000l\000o\000w\000e\000r\000\040\000t\000a\000i\000l\000\040\000a\000n\000d\000\040\000t\000h\000e\000\040\000t\000w\000o\000-\000s\000i\000d\000e\000d\000\040\000f\000r\000o\000n\000t\000i\000e\000r}{}% 59
\BOOKMARK [2][-]{subsection.17.1}{\376\377\0001\0007\000.\0001\000.\000\040\000T\000y\000p\000e\000\040\000I\000I\000:\000\040\000t\000h\000e\000\040\000m\000i\000n\000i\000m\000a\000l\000\040\000m\000u\000l\000t\000i\000p\000l\000i\000e\000r\000\040\000m\000o\000d\000u\000l\000u\000s}{section.17}% 60
\BOOKMARK [2][-]{subsection.17.2}{\376\377\0001\0007\000.\0002\000.\000\040\000T\000y\000p\000e\000\040\000I\000:\000\040\000s\000i\000m\000u\000l\000t\000a\000n\000e\000o\000u\000s\000\040\000g\000e\000n\000u\000s\000\040\000f\000o\000r\000c\000i\000n\000g}{section.17}% 61
\BOOKMARK [2][-]{subsection.17.3}{\376\377\0001\0007\000.\0003\000.\000\040\000T\000h\000e\000\040\000t\000w\000o\000-\000s\000i\000d\000e\000d\000\040\000f\000r\000o\000n\000t\000i\000e\000r}{section.17}% 62
\BOOKMARK [1][-]{section.18}{\376\377\0001\0008\000.\000\040\000T\000h\000e\000\040\000c\000o\000n\000g\000r\000u\000e\000n\000c\000e\000-\000c\000e\000r\000t\000i\000f\000i\000c\000a\000t\000e\000\040\000c\000e\000i\000l\000i\000n\000g\000\040\000a\000n\000d\000\040\000e\000x\000t\000r\000e\000m\000a\000l\000\040\000c\000e\000n\000s\000u\000s}{}% 63
\BOOKMARK [2][-]{subsection.18.1}{\376\377\0001\0008\000.\0001\000.\000\040\000T\000y\000p\000e\000\040\000I\000I\000:\000\040\000e\000v\000e\000r\000y\000\040\000c\000e\000r\000t\000i\000f\000i\000c\000a\000t\000e\000\040\000c\000a\000r\000r\000i\000e\000s\000\040\000t\000h\000e\000\040\0003\0008\000m\000u\000\050\000m\000o\000d\0006\000m\000u\0004\000\051\000\040\000p\000r\000i\000m\000e\000s}{section.18}% 64
\BOOKMARK [2][-]{subsection.18.2}{\376\377\0001\0008\000.\0002\000.\000\040\000T\000y\000p\000e\000\040\000I\000:\000\040\000e\000v\000e\000r\000y\000\040\000p\000r\000i\000m\000e\000\040\000c\000o\000r\000e\000\040\000i\000s\000\040\000f\000o\000r\000c\000e\000d\000\040\000i\000n\000t\000o\000\040\000t\000h\000e\000\040\000c\000o\000n\000d\000u\000c\000t\000o\000r}{section.18}% 65
\BOOKMARK [2][-]{subsection.18.3}{\376\377\0001\0008\000.\0003\000.\000\040\000T\000h\000e\000\040\000e\000x\000a\000c\000t\000\040\000W\000\040\000c\000e\000n\000s\000u\000s}{section.18}% 66
\BOOKMARK [2][-]{subsection.18.4}{\376\377\0001\0008\000.\0004\000.\000\040\000T\000h\000e\000\040\000T\000y\000p\000e\000-\000I\000\040\000e\000x\000t\000r\000e\000m\000a\000l\000\040\000e\000x\000t\000e\000n\000s\000i\000o\000n}{section.18}% 67
\BOOKMARK [2][-]{subsection.18.5}{\376\377\0001\0008\000.\0005\000.\000\040\000T\000h\000e\000\040\000r\000e\000m\000a\000i\000n\000i\000n\000g\000\040\000w\000i\000n\000d\000o\000w}{section.18}% 68
\BOOKMARK [1][-]{section.19}{\376\377\0001\0009\000.\000\040\000T\000h\000e\000\040\000s\000u\000p\000e\000r\000c\000r\000i\000t\000i\000c\000a\000l\000\040\000w\000i\000n\000d\000o\000w\000\040\000a\000n\000d\000\040\000c\000o\000u\000n\000t\000-\000b\000e\000l\000o\000w\000-\000o\000n\000e\000\040\000r\000e\000d\000u\000c\000t\000i\000o\000n}{}% 69
\BOOKMARK [2][-]{subsection.19.1}{\376\377\0001\0009\000.\0001\000.\000\040\000C\000o\000u\000n\000t\000\040\000b\000e\000l\000o\000w\000\040\000o\000n\000e}{section.19}% 70
\BOOKMARK [2][-]{subsection.19.2}{\376\377\0001\0009\000.\0002\000.\000\040\000T\000h\000e\000\040\000m\000a\000s\000s\000-\000i\000n\000v\000a\000r\000i\000a\000n\000t\000\040\000g\000a\000p}{section.19}% 71
\BOOKMARK [2][-]{subsection.19.3}{\376\377\0001\0009\000.\0003\000.\000\040\000W\000h\000e\000r\000e\000\040\000t\000h\000e\000\040\000c\000r\000o\000s\000s\000i\000n\000g\000\040\000l\000i\000v\000e\000s}{section.19}% 72
\BOOKMARK [2][-]{subsection.19.4}{\376\377\0001\0009\000.\0004\000.\000\040\000F\000i\000n\000i\000t\000e\000\040\000a\000r\000i\000t\000h\000m\000e\000t\000i\000c\000\040\000r\000e\000p\000l\000a\000y}{section.19}% 73
\BOOKMARK [1][-]{section.20}{\376\377\0002\0000\000.\000\040\000T\000h\000e\000\040\000i\000n\000v\000e\000r\000s\000e\000\040\000c\000e\000n\000s\000u\000s\000\040\000a\000n\000d\000\040\000t\000h\000e\000\040\000i\000n\000t\000e\000g\000e\000r\000/\000p\000r\000i\000m\000e\000\040\000d\000i\000c\000h\000o\000t\000o\000m\000y}{}% 74
\BOOKMARK [2][-]{subsection.20.1}{\376\377\0002\0000\000.\0001\000.\000\040\000M\000o\000v\000i\000n\000g\000\040\000i\000n\000v\000e\000r\000s\000e\000s\000\040\000a\000n\000d\000\040\000a\000n\000\040\000e\000x\000a\000c\000t\000\040\000f\000i\000n\000i\000t\000e\000\040\000c\000e\000n\000s\000u\000s}{section.20}% 75
\BOOKMARK [2][-]{subsection.20.2}{\376\377\0002\0000\000.\0002\000.\000\040\000S\000q\000u\000a\000r\000e\000\040\000e\000s\000c\000a\000p\000e\000\040\000a\000n\000d\000\040\000s\000h\000i\000f\000t\000e\000d\000\040\000c\000o\000n\000s\000t\000r\000a\000i\000n\000t\000s}{section.20}% 76
\BOOKMARK [2][-]{subsection.20.3}{\376\377\0002\0000\000.\0003\000.\000\040\000W\000h\000a\000t\000\040\000J\000a\000c\000o\000b\000s\000t\000h\000a\000l\000\040\000d\000o\000e\000s\000,\000\040\000a\000n\000d\000\040\000w\000h\000a\000t\000\040\000i\000t\000\040\000d\000o\000e\000s\000\040\000n\000o\000t\000\040\000d\000o}{section.20}% 77
\BOOKMARK [2][-]{subsection.20.4}{\376\377\0002\0000\000.\0004\000.\000\040\000P\000r\000i\000m\000e\000\040\000s\000u\000r\000v\000i\000v\000o\000r\000s\000:\000\040\000c\000o\000n\000g\000r\000u\000e\000n\000c\000e\000\040\000w\000a\000l\000l\000\040\000a\000n\000d\000\040\000t\000e\000c\000h\000n\000o\000l\000o\000g\000y\000\040\000a\000u\000d\000i\000t}{section.20}% 78
\BOOKMARK [2][-]{subsection.20.5}{\376\377\0002\0000\000.\0005\000.\000\040\000E\000x\000a\000c\000t\000\040\000i\000n\000v\000e\000r\000s\000e\000\040\000d\000u\000a\000l\000i\000t\000i\000e\000s\000\040\000a\000n\000d\000\040\000t\000h\000e\000\040\000A\000-\000w\000i\000n\000d\000o\000w}{section.20}% 79
\BOOKMARK [1][-]{section.21}{\376\377\0002\0001\000.\000\040\000P\000o\000l\000y\000n\000o\000m\000i\000a\000l\000\040\000e\000s\000c\000a\000p\000e\000:\000\040\000c\000o\000m\000p\000l\000e\000t\000e\000\040\000t\000h\000r\000o\000u\000g\000h\000\040\000d\000e\000g\000r\000e\000e\000\040\000t\000w\000o\000,\000\040\000c\000y\000c\000l\000o\000t\000o\000m\000i\000c\000\040\000i\000n\000\040\000g\000e\000n\000e\000r\000a\000l}{}% 80
\BOOKMARK [2][-]{subsection.21.1}{\376\377\0002\0001\000.\0001\000.\000\040\000U\000n\000i\000f\000o\000r\000m\000\040\000e\000s\000c\000a\000p\000e\000\040\000a\000n\000d\000\040\000i\000t\000s\000\040\000e\000x\000a\000c\000t\000\040\000l\000o\000c\000a\000l\000\040\000f\000o\000r\000m}{section.21}% 81
\BOOKMARK [2][-]{subsection.21.2}{\376\377\0002\0001\000.\0002\000.\000\040\000T\000h\000e\000\040\000c\000y\000c\000l\000o\000t\000o\000m\000i\000c\000\040\000o\000b\000s\000t\000r\000u\000c\000t\000i\000o\000n\000\040\000i\000n\000\040\000e\000v\000e\000r\000y\000\040\000d\000e\000g\000r\000e\000e}{section.21}% 82
\BOOKMARK [2][-]{subsection.21.3}{\376\377\0002\0001\000.\0003\000.\000\040\000C\000o\000m\000p\000l\000e\000t\000e\000\040\000c\000l\000a\000s\000s\000i\000f\000i\000c\000a\000t\000i\000o\000n\000\040\000t\000h\000r\000o\000u\000g\000h\000\040\000d\000e\000g\000r\000e\000e\000\040\000t\000w\000o}{section.21}% 83
\BOOKMARK [2][-]{subsection.21.4}{\376\377\0002\0001\000.\0004\000.\000\040\000T\000h\000e\000\040\000a\000l\000l\000-\000i\000n\000t\000e\000g\000e\000r\000\040\000c\000u\000b\000i\000c\000\040\000t\000a\000i\000l\000\040\000f\000a\000i\000l\000s\000\040\000a\000t\000\040\000t\000h\000e\000\040\000s\000q\000u\000a\000r\000e\000\040\000c\000r\000o\000s\000s\000i\000n\000g}{section.21}% 84
\BOOKMARK [2][-]{subsection.21.5}{\376\377\0002\0001\000.\0005\000.\000\040\000T\000h\000e\000\040\000r\000e\000f\000u\000t\000e\000d\000\040\000c\000o\000m\000p\000l\000e\000t\000e\000-\000s\000q\000u\000a\000r\000e\000\040\000p\000r\000o\000p\000o\000s\000a\000l\000\040\000a\000n\000d\000\040\000f\000i\000n\000i\000t\000e\000\040\000c\000e\000n\000s\000u\000s}{section.21}% 85
\BOOKMARK [1][-]{section.22}{\376\377\0002\0002\000.\000\040\000W\000i\000t\000n\000e\000s\000s\000\040\000d\000u\000a\000l\000i\000t\000y\000,\000\040\000f\000i\000n\000i\000t\000e\000\040\000d\000e\000c\000i\000d\000a\000b\000i\000l\000i\000t\000y\000,\000\040\000a\000n\000d\000\040\000t\000h\000e\000\040\000s\000u\000r\000v\000i\000v\000o\000r\000\040\000f\000r\000o\000n\000t\000i\000e\000r}{}% 86
\BOOKMARK [2][-]{subsection.22.1}{\376\377\0002\0002\000.\0001\000.\000\040\000E\000x\000a\000c\000t\000\040\000d\000u\000a\000l\000i\000t\000y\000,\000\040\000c\000a\000n\000c\000e\000l\000l\000a\000t\000i\000o\000n\000,\000\040\000a\000n\000d\000\040\000t\000h\000e\000\040\000f\000i\000n\000i\000t\000e\000\040\000n\000o\000r\000m\000a\000l\000\040\000f\000o\000r\000m}{section.22}% 87
\BOOKMARK [2][-]{subsection.22.2}{\376\377\0002\0002\000.\0002\000.\000\040\000W\000h\000a\000t\000\040\000s\000w\000a\000p\000s\000,\000\040\000a\000n\000d\000\040\000w\000h\000a\000t\000\040\000d\000o\000e\000s\000\040\000n\000o\000t}{section.22}% 88
\BOOKMARK [2][-]{subsection.22.3}{\376\377\0002\0002\000.\0003\000.\000\040\000T\000h\000e\000\040\000s\000u\000r\000v\000i\000v\000o\000r\000\040\000f\000r\000o\000n\000t\000i\000e\000r\000\040\000c\000l\000o\000s\000e\000s}{section.22}% 89
\BOOKMARK [2][-]{subsection.22.4}{\376\377\0002\0002\000.\0004\000.\000\040\000T\000h\000e\000\040\000s\000t\000a\000t\000i\000s\000t\000i\000c\000\040\000a\000n\000d\000\040\000t\000h\000e\000\040\000p\000r\000i\000m\000e\000\040\000s\000i\000d\000e}{section.22}% 90
\BOOKMARK [2][-]{subsection.22.5}{\376\377\0002\0002\000.\0005\000.\000\040\000V\000e\000r\000i\000f\000i\000c\000a\000t\000i\000o\000n\000\040\000a\000n\000d\000\040\000f\000i\000n\000i\000t\000e\000\040\000c\000o\000v\000e\000r\000a\000g\000e\000\040\000l\000e\000d\000g\000e\000r}{section.22}% 91
\BOOKMARK [1][-]{section.23}{\376\377\0002\0003\000.\000\040\000T\000h\000e\000\040\000c\000o\000m\000p\000l\000e\000t\000e\000\040\000d\000e\000c\000i\000d\000a\000b\000l\000e\000\040\000c\000e\000n\000s\000u\000s\000,\000\040\000t\000w\000i\000s\000t\000e\000d\000-\000s\000q\000u\000a\000r\000e\000\040\000l\000a\000w\000s\000,\000\040\000a\000n\000d\000\040\000t\000h\000e\000\040\000p\000r\000i\000m\000e\000\040\000c\000r\000i\000t\000e\000r\000i\000o\000n}{}% 92
\BOOKMARK [2][-]{subsection.23.1}{\376\377\0002\0003\000.\0001\000.\000\040\000A\000\040\000f\000o\000r\000w\000a\000r\000d\000\040\000f\000i\000n\000i\000t\000e\000\040\000d\000e\000c\000i\000s\000i\000o\000n\000\040\000a\000n\000d\000\040\000t\000h\000e\000\040\000c\000o\000m\000p\000l\000e\000t\000e\000\040\000c\000e\000n\000s\000u\000s}{section.23}% 93
\BOOKMARK [2][-]{subsection.23.2}{\376\377\0002\0003\000.\0002\000.\000\040\000T\000h\000e\000\040\000e\000x\000a\000c\000t\000\040\000t\000w\000i\000s\000t\000e\000d\000-\000s\000q\000u\000a\000r\000e\000\040\000c\000r\000i\000t\000e\000r\000i\000o\000n\000\040\000a\000n\000d\000\040\000f\000i\000r\000s\000t\000\040\000l\000a\000y\000e\000r\000s}{section.23}% 94
\BOOKMARK [2][-]{subsection.23.3}{\376\377\0002\0003\000.\0003\000.\000\040\000T\000h\000e\000\040\000h\000a\000r\000d\000-\000p\000r\000i\000m\000e\000\040\000c\000r\000i\000t\000e\000r\000i\000o\000n\000\040\000a\000n\000d\000\040\000t\000h\000e\000\040\000m\000i\000s\000s\000i\000n\000g\000\040\000t\000h\000i\000r\000d\000\040\000m\000e\000c\000h\000a\000n\000i\000s\000m}{section.23}% 95
\BOOKMARK [2][-]{subsection.23.4}{\376\377\0002\0003\000.\0004\000.\000\040\000V\000e\000r\000i\000f\000i\000c\000a\000t\000i\000o\000n\000\040\000p\000e\000d\000i\000g\000r\000e\000e\000\040\000a\000n\000d\000\040\000e\000x\000a\000c\000t\000\040\000s\000c\000o\000p\000e}{section.23}% 96
\BOOKMARK [1][-]{section.24}{\376\377\0002\0004\000.\000\040\000T\000h\000e\000\040\000d\000i\000v\000i\000s\000o\000r\000-\000r\000a\000t\000i\000o\000\040\000s\000p\000e\000c\000t\000r\000u\000m\000\040\000a\000n\000d\000\040\000t\000h\000e\000\040\000f\000i\000n\000i\000t\000e\000\040\000c\000o\000n\000s\000p\000i\000r\000a\000c\000y}{}% 97
\BOOKMARK [2][-]{subsection.24.1}{\376\377\0002\0004\000.\0001\000.\000\040\000T\000h\000e\000\040\000e\000x\000a\000c\000t\000\040\000r\000a\000t\000i\000o\000\040\000s\000p\000e\000c\000t\000r\000u\000m}{section.24}% 98
\BOOKMARK [2][-]{subsection.24.2}{\376\377\0002\0004\000.\0002\000.\000\040\000S\000i\000x\000\040\000e\000x\000a\000c\000t\000\040\000s\000m\000a\000l\000l\000-\000a\000\040\000l\000a\000w\000s}{section.24}% 99
\BOOKMARK [2][-]{subsection.24.3}{\376\377\0002\0004\000.\0003\000.\000\040\000T\000h\000e\000\040\000f\000i\000n\000i\000t\000e\000\040\000c\000o\000n\000s\000p\000i\000r\000a\000c\000y\000\040\000a\000n\000d\000\040\000l\000a\000t\000e\000\040\000r\000e\000s\000o\000l\000u\000t\000i\000o\000n}{section.24}% 100
\BOOKMARK [2][-]{subsection.24.4}{\376\377\0002\0004\000.\0004\000.\000\040\000W\000h\000e\000r\000e\000\040\000t\000h\000e\000\040\000r\000a\000t\000i\000o\000\040\000f\000r\000a\000m\000e\000\040\000d\000e\000g\000r\000a\000d\000e\000s\000\040\000f\000o\000r\000\040\000t\000h\000e\000\040\000s\000p\000o\000r\000a\000d\000i\000c\000s}{section.24}% 101
\BOOKMARK [2][-]{subsection.24.5}{\376\377\0002\0004\000.\0005\000.\000\040\000A\000\040\000s\000t\000a\000g\000e\000d\000\040\000f\000o\000u\000r\000t\000h\000-\000s\000p\000o\000r\000a\000d\000i\000c\000\040\000s\000t\000r\000e\000s\000s}{section.24}% 102
\BOOKMARK [2][-]{subsection.24.6}{\376\377\0002\0004\000.\0006\000.\000\040\000V\000e\000r\000i\000f\000i\000c\000a\000t\000i\000o\000n\000,\000\040\000r\000e\000v\000i\000e\000w\000\040\000p\000e\000d\000i\000g\000r\000e\000e\000,\000\040\000a\000n\000d\000\040\000h\000o\000n\000e\000s\000t\000\040\000w\000a\000l\000l\000s}{section.24}% 103
\BOOKMARK [1][-]{section.25}{\376\377\0002\0005\000.\000\040\000A\000l\000g\000e\000b\000r\000a\000i\000c\000\040\000w\000i\000t\000n\000e\000s\000s\000\040\000t\000a\000x\000o\000n\000o\000m\000y\000,\000\040\000s\000q\000u\000a\000r\000e\000-\000r\000o\000o\000t\000\040\000c\000o\000v\000e\000r\000a\000g\000e\000,\000\040\000a\000n\000d\000\040\000t\000h\000e\000\040\000f\000i\000r\000s\000t\000-\000w\000i\000t\000n\000e\000s\000s\000\040\000i\000n\000d\000e\000x}{}% 104
\BOOKMARK [2][-]{subsection.25.1}{\376\377\0002\0005\000.\0001\000.\000\040\000E\000l\000e\000m\000e\000n\000t\000a\000r\000y\000\040\000f\000a\000m\000i\000l\000i\000e\000s\000\040\000a\000n\000d\000\040\000t\000h\000e\000\040\000f\000i\000x\000e\000d\000-\000D\000\040\000c\000o\000o\000r\000d\000i\000n\000a\000t\000e}{section.25}% 105
\BOOKMARK [2][-]{subsection.25.2}{\376\377\0002\0005\000.\0002\000.\000\040\000T\000h\000e\000\040\000u\000n\000i\000v\000e\000r\000s\000a\000l\000\040\000b\000o\000u\000n\000d\000e\000d\000-\000c\000o\000e\000f\000f\000i\000c\000i\000e\000n\000t\000\040\000l\000a\000w}{section.25}% 106
\BOOKMARK [2][-]{subsection.25.3}{\376\377\0002\0005\000.\0003\000.\000\040\000E\000x\000p\000l\000i\000c\000i\000t\000\040\000c\000o\000v\000e\000r\000a\000g\000e\000\040\000a\000n\000d\000\040\000t\000h\000e\000\040\000h\000a\000l\000f\000-\000d\000i\000m\000e\000n\000s\000i\000o\000n\000a\000l\000\040\000s\000h\000i\000f\000t\000e\000d\000\040\000l\000a\000y\000e\000r}{section.25}% 107
\BOOKMARK [2][-]{subsection.25.4}{\376\377\0002\0005\000.\0004\000.\000\040\000T\000h\000e\000\040\000f\000i\000r\000s\000t\000-\000w\000i\000t\000n\000e\000s\000s\000\040\000i\000n\000d\000e\000x}{section.25}% 108
\BOOKMARK [2][-]{subsection.25.5}{\376\377\0002\0005\000.\0005\000.\000\040\000H\000o\000n\000e\000s\000t\000\040\000w\000a\000l\000l\000s\000\040\000a\000n\000d\000\040\000v\000e\000r\000i\000f\000i\000c\000a\000t\000i\000o\000n}{section.25}% 109
\BOOKMARK [1][-]{section.26}{\376\377\0002\0006\000.\000\040\000T\000h\000e\000\040\000g\000c\000d\000\040\000m\000e\000c\000h\000a\000n\000i\000s\000m\000:\000\040\000c\000a\000n\000c\000e\000l\000l\000a\000t\000i\000o\000n\000\040\000c\000o\000v\000e\000r\000s\000\040\000a\000n\000d\000\040\000s\000h\000i\000f\000t\000e\000d\000\040\000p\000u\000r\000i\000t\000y}{}% 110
\BOOKMARK [2][-]{subsection.26.1}{\376\377\0002\0006\000.\0001\000.\000\040\000T\000h\000e\000\040\000e\000x\000a\000c\000t\000\040\000c\000a\000n\000c\000e\000l\000l\000a\000t\000i\000o\000n\000\040\000c\000o\000v\000e\000r}{section.26}% 111
\BOOKMARK [2][-]{subsection.26.2}{\376\377\0002\0006\000.\0002\000.\000\040\000T\000w\000o\000\040\000c\000a\000n\000c\000e\000l\000l\000a\000t\000i\000o\000n\000-\000i\000m\000m\000u\000n\000e\000\040\000s\000h\000i\000f\000t\000e\000d\000\040\000l\000a\000w\000s}{section.26}% 112
\BOOKMARK [2][-]{subsection.26.3}{\376\377\0002\0006\000.\0003\000.\000\040\000U\000n\000i\000t\000\040\000b\000r\000a\000n\000c\000h\000e\000s\000\040\000a\000n\000d\000\040\000c\000o\000m\000p\000l\000e\000t\000e\000\040\000s\000p\000o\000r\000a\000d\000i\000c\000\040\000l\000e\000d\000g\000e\000r\000s}{section.26}% 113
\BOOKMARK [2][-]{subsection.26.4}{\376\377\0002\0006\000.\0004\000.\000\040\000F\000i\000n\000i\000t\000e\000n\000e\000s\000s\000\040\000w\000a\000l\000l\000\040\000a\000n\000d\000\040\000t\000h\000e\000\040\000w\000i\000d\000e\000r\000\040\000h\000u\000n\000t}{section.26}% 114
\BOOKMARK [2][-]{subsection.26.5}{\376\377\0002\0006\000.\0005\000.\000\040\000V\000e\000r\000i\000f\000i\000c\000a\000t\000i\000o\000n\000\040\000a\000n\000d\000\040\000r\000e\000v\000i\000e\000w\000\040\000p\000e\000d\000i\000g\000r\000e\000e}{section.26}% 115
\BOOKMARK [1][-]{section.27}{\376\377\0002\0007\000.\000\040\000T\000h\000e\000\040\000t\000w\000o\000-\000d\000e\000c\000a\000d\000e\000\040\000h\000a\000r\000d\000-\000p\000r\000i\000m\000e\000\040\000w\000i\000t\000n\000e\000s\000s\000\040\000c\000e\000n\000s\000u\000s\000\040\000a\000n\000d\000\040\000r\000e\000c\000o\000r\000d\000\040\000a\000n\000a\000t\000o\000m\000y}{}% 116
\BOOKMARK [2][-]{subsection.27.1}{\376\377\0002\0007\000.\0001\000.\000\040\000T\000h\000e\000\040\000c\000o\000m\000p\000l\000e\000t\000e\000\040\000s\000t\000r\000i\000c\000t\000-\000r\000e\000c\000o\000r\000d\000\040\000l\000e\000d\000g\000e\000r}{section.27}% 117
\BOOKMARK [2][-]{subsection.27.2}{\376\377\0002\0007\000.\0002\000.\000\040\000M\000i\000n\000i\000m\000u\000m\000-\000r\000o\000w\000\040\000p\000a\000r\000i\000t\000y\000\040\000a\000n\000d\000\040\000d\000i\000s\000t\000r\000i\000b\000u\000t\000i\000o\000n\000\040\000b\000e\000l\000o\000w\000\040\0001\0000\0007}{section.27}% 118
\BOOKMARK [2][-]{subsection.27.3}{\376\377\0002\0007\000.\0003\000.\000\040\000B\000l\000o\000c\000k\000w\000i\000s\000e\000\040\000n\000o\000r\000m\000a\000l\000i\000z\000e\000d\000\040\000t\000r\000a\000j\000e\000c\000t\000o\000r\000i\000e\000s}{section.27}% 119
\BOOKMARK [2][-]{subsection.27.4}{\376\377\0002\0007\000.\0004\000.\000\040\000R\000e\000p\000l\000a\000y\000\040\000s\000c\000o\000p\000e\000,\000\040\000r\000e\000v\000i\000e\000w\000\040\000p\000e\000d\000i\000g\000r\000e\000e\000,\000\040\000a\000n\000d\000\040\000h\000o\000n\000e\000s\000t\000\040\000w\000a\000l\000l\000s}{section.27}% 120
\BOOKMARK [1][-]{section.28}{\376\377\0002\0008\000.\000\040\000T\000w\000i\000s\000t\000e\000d\000-\000f\000a\000m\000i\000l\000y\000\040\000e\000s\000c\000a\000p\000e\000\040\000c\000y\000l\000i\000n\000d\000e\000r\000s\000\040\000a\000n\000d\000\040\000t\000h\000e\000\040\000i\000d\000e\000n\000t\000i\000t\000y\000\040\000w\000a\000l\000l}{}% 121
\BOOKMARK [2][-]{subsection.28.1}{\376\377\0002\0008\000.\0001\000.\000\040\000F\000i\000n\000i\000t\000e\000-\000d\000e\000p\000t\000h\000\040\000c\000l\000a\000s\000s\000\040\000d\000e\000c\000i\000d\000a\000b\000i\000l\000i\000t\000y}{section.28}% 122
\BOOKMARK [2][-]{subsection.28.2}{\376\377\0002\0008\000.\0002\000.\000\040\000U\000n\000b\000o\000u\000n\000d\000e\000d\000\040\000d\000e\000p\000t\000h\000\040\000i\000n\000\040\000t\000h\000e\000\040\000t\000h\000r\000e\000e\000\040\000s\000p\000o\000r\000a\000d\000i\000c\000\040\000f\000a\000m\000i\000l\000i\000e\000s}{section.28}% 123
\BOOKMARK [2][-]{subsection.28.3}{\376\377\0002\0008\000.\0003\000.\000\040\000P\000o\000l\000y\000n\000o\000m\000i\000a\000l\000\040\000i\000d\000e\000n\000t\000i\000t\000i\000e\000s\000\040\000i\000n\000\040\000t\000h\000e\000\040\000r\000e\000s\000i\000d\000u\000a\000l\000\040\000c\000l\000a\000s\000s\000e\000s}{section.28}% 124
\BOOKMARK [2][-]{subsection.28.4}{\376\377\0002\0008\000.\0004\000.\000\040\000T\000h\000e\000\040\000d\000e\000p\000t\000h\000-\0001\0000\0000\0000\000\040\000p\000r\000o\000j\000e\000c\000t\000i\000o\000n\000\040\000a\000n\000d\000\040\000b\000o\000u\000n\000d\000e\000d\000\040\000c\000e\000n\000s\000u\000s\000e\000s}{section.28}% 125
\BOOKMARK [2][-]{subsection.28.5}{\376\377\0002\0008\000.\0005\000.\000\040\000H\000o\000n\000e\000s\000t\000\040\000w\000a\000l\000l\000s\000\040\000a\000n\000d\000\040\000r\000e\000v\000i\000e\000w\000\040\000a\000t\000t\000e\000s\000t\000a\000t\000i\000o\000n}{section.28}% 126
\BOOKMARK [1][-]{section.29}{\376\377\0002\0009\000.\000\040\000R\000e\000c\000o\000r\000d\000-\000s\000t\000a\000l\000l\000\040\000a\000n\000a\000t\000o\000m\000y\000\040\000a\000n\000d\000\040\000t\000h\000e\000\040\000h\000o\000n\000e\000s\000t\000\040\000e\000x\000p\000o\000n\000e\000n\000t\000\040\000w\000i\000n\000d\000o\000w}{}% 127
\BOOKMARK [2][-]{subsection.29.1}{\376\377\0002\0009\000.\0001\000.\000\040\000T\000h\000e\000\040\000t\000o\000p\000-\000t\000e\000n\000\040\000o\000b\000s\000t\000r\000u\000c\000t\000i\000o\000n\000\040\000a\000n\000a\000t\000o\000m\000y}{section.29}% 128
\BOOKMARK [2][-]{subsection.29.2}{\376\377\0002\0009\000.\0002\000.\000\040\000T\000h\000e\000\040\000r\000e\000s\000i\000d\000u\000e\000-\000o\000n\000e\000\040\000c\000o\000n\000s\000t\000r\000u\000c\000t\000i\000o\000n\000\040\000a\000t\000\040\000i\000t\000s\000\040\000f\000i\000r\000s\000t\000\040\000p\000r\000i\000m\000e\000s}{section.29}% 129
\BOOKMARK [2][-]{subsection.29.3}{\376\377\0002\0009\000.\0003\000.\000\040\000A\000\040\000d\000e\000l\000i\000b\000e\000r\000a\000t\000e\000l\000y\000\040\000f\000r\000a\000g\000i\000l\000e\000\040\000r\000e\000c\000o\000r\000d\000-\000s\000p\000a\000c\000i\000n\000g\000\040\000m\000o\000d\000e\000l}{section.29}% 130
\BOOKMARK [2][-]{subsection.29.4}{\376\377\0002\0009\000.\0004\000.\000\040\000T\000h\000e\000\040\000e\000m\000p\000i\000r\000i\000c\000a\000l\000\040\000e\000x\000p\000o\000n\000e\000n\000t\000\040\000a\000n\000d\000\040\000e\000v\000e\000n\000t\000u\000a\000l\000\040\000w\000i\000n\000d\000o\000w}{section.29}% 131
\BOOKMARK [2][-]{subsection.29.5}{\376\377\0002\0009\000.\0005\000.\000\040\000V\000e\000r\000i\000f\000i\000c\000a\000t\000i\000o\000n\000,\000\040\000r\000e\000v\000i\000e\000w\000,\000\040\000a\000n\000d\000\040\000s\000c\000o\000p\000e}{section.29}% 132
\BOOKMARK [1][-]{section.30}{\376\377\0003\0000\000.\000\040\000T\000h\000e\000\040\0002\0000\0002\0005\000\040\000P\000o\000m\000e\000r\000a\000n\000c\000e\040\023\000W\000e\000i\000n\000g\000a\000r\000t\000n\000e\000r\000\040\000e\000x\000c\000e\000p\000t\000i\000o\000n\000s\000\040\000p\000a\000p\000e\000r}{}% 133
\BOOKMARK [2][-]{subsection.30.1}{\376\377\0003\0000\000.\0001\000.\000\040\000E\000x\000a\000c\000t\000\040\000s\000t\000a\000t\000e\000m\000e\000n\000t\000s\000\040\000a\000n\000d\000\040\000p\000r\000o\000o\000f\000\040\000r\000o\000u\000t\000e\000s}{section.30}% 134
\BOOKMARK [2][-]{subsection.30.2}{\376\377\0003\0000\000.\0002\000.\000\040\000R\000a\000n\000g\000e\000\040\000c\000o\000n\000s\000i\000s\000t\000e\000n\000c\000y\000\040\000a\000n\000d\000\040\000c\000r\000o\000s\000s\000o\000v\000e\000r}{section.30}% 135
\BOOKMARK [2][-]{subsection.30.3}{\376\377\0003\0000\000.\0003\000.\000\040\000P\000r\000i\000o\000r\000i\000t\000y\000\040\000i\000m\000p\000a\000c\000t\000\040\000a\000n\000d\000\040\000V\000a\000u\000g\000h\000a\000n\000\040\000s\000e\000c\000o\000n\000d\000a\000r\000y\000\040\000e\000v\000i\000d\000e\000n\000c\000e}{section.30}% 136
\BOOKMARK [2][-]{subsection.30.4}{\376\377\0003\0000\000.\0004\000.\000\040\000R\000e\000v\000i\000e\000w\000\040\000a\000t\000t\000e\000s\000t\000a\000t\000i\000o\000n\000\040\000a\000n\000d\000\040\000s\000o\000u\000r\000c\000e\000\040\000r\000e\000g\000i\000s\000t\000e\000r}{section.30}% 137
\BOOKMARK [1][-]{section.31}{\376\377\0003\0001\000.\000\040\000G\000e\000n\000e\000r\000a\000l\000-\000n\000u\000m\000e\000r\000a\000t\000o\000r\000\040\000t\000a\000i\000l\000s\000\040\000a\000n\000d\000\040\000t\000h\000e\000\040\000e\000f\000f\000e\000c\000t\000i\000v\000i\000t\000y\000\040\000p\000e\000r\000i\000m\000e\000t\000e\000r}{}% 138
\BOOKMARK [2][-]{subsection.31.1}{\376\377\0003\0001\000.\0001\000.\000\040\000T\000h\000e\000\040\000m\000i\000n\000i\000m\000a\000l\000\040\000g\000e\000n\000e\000r\000a\000l\000-\000n\000u\000m\000e\000r\000a\000t\000o\000r\000\040\000w\000i\000t\000n\000e\000s\000s\000\040\000m\000o\000d\000u\000l\000u\000s}{section.31}% 139
\BOOKMARK [2][-]{subsection.31.2}{\376\377\0003\0001\000.\0002\000.\000\040\000T\000h\000e\000\040\000c\000o\000n\000d\000u\000c\000t\000o\000r\000\040\000c\000o\000u\000p\000l\000e\000d\000\040\000t\000o\000\040\000m}{section.31}% 140
\BOOKMARK [2][-]{subsection.31.3}{\376\377\0003\0001\000.\0003\000.\000\040\000C\000o\000m\000p\000a\000r\000i\000s\000o\000n\000\040\000a\000n\000d\000\040\000f\000i\000n\000i\000t\000e\000\040\000c\000o\000m\000p\000a\000n\000i\000o\000n}{section.31}% 141
\BOOKMARK [1][-]{section.32}{\376\377\0003\0002\000.\000\040\000R\000e\000s\000i\000d\000u\000e\000-\000d\000i\000s\000p\000e\000r\000s\000i\000o\000n\000\040\000f\000r\000o\000n\000t\000i\000e\000r}{}% 142
\BOOKMARK [2][-]{subsection.32.1}{\376\377\0003\0002\000.\0001\000.\000\040\000E\000n\000d\000p\000o\000i\000n\000t\000\040\000s\000p\000a\000r\000s\000i\000t\000y\000\040\000a\000n\000d\000\040\000p\000r\000o\000v\000e\000d\000\040\000r\000a\000n\000g\000e\000s}{section.32}% 143
\BOOKMARK [2][-]{subsection.32.2}{\376\377\0003\0002\000.\0002\000.\000\040\000K\000l\000o\000o\000s\000t\000e\000r\000m\000a\000n\000-\000f\000r\000a\000c\000t\000i\000o\000n\000\040\000a\000u\000d\000i\000t}{section.32}% 144
\BOOKMARK [1][-]{section*.500}{\376\377\000R\000e\000f\000e\000r\000e\000n\000c\000e\000s}{}% 145
